Command line invocation:
    /Applications/Xcode.app/Contents/Developer/usr/bin/xcodebuild -project Capelo.xcodeproj -scheme Capelo -configuration Debug -destination "generic/platform=iOS Simulator" -derivedDataPath /Users/rafaeltoneto/Documents/TCC/AvaliacaoBuild/capelo CODE_SIGNING_ALLOWED=NO build

Build settings from command line:
    CODE_SIGNING_ALLOWED = NO

2026-10-04 18:16:15.296 xcodebuild[10293:13952840] [MT] IDERunDestination: Supported platforms for the buildables in the current scheme is empty.
ComputePackagePrebuildTargetDependencyGraph

Prepare packages

CreateBuildRequest

SendProjectDescription

CreateBuildOperation

ComputeTargetDependencyGraph
note: Building targets in dependency order
note: Target dependency graph (1 target)
    Target 'Capelo' in project 'Capelo' (no dependencies)

GatherProvisioningInputs

CreateBuildDescription

ExecuteExternalTool /Applications/Xcode.app/Contents/Developer/Toolchains/XcodeDefault.xctoolchain/usr/bin/clang -v -E -dM -isysroot /Applications/Xcode.app/Contents/Developer/Platforms/iPhoneSimulator.platform/Developer/SDKs/iPhoneSimulator27.0.sdk -x c -c /dev/null

ExecuteExternalTool /Applications/Xcode.app/Contents/Developer/usr/bin/actool --print-asset-tag-combinations --output-format xml1 /Users/rafaeltoneto/Documents/TCC/ProjetosExternos/capelo/Capelo/Assets.xcassets

ExecuteExternalTool /Applications/Xcode.app/Contents/Developer/usr/bin/actool --version --output-format xml1

ExecuteExternalTool /Applications/Xcode.app/Contents/Developer/Toolchains/XcodeDefault.xctoolchain/usr/bin/swiftc --version

ExecuteExternalTool /Applications/Xcode.app/Contents/Developer/Toolchains/XcodeDefault.xctoolchain/usr/bin/ld -version_details

Build description signature: f8f14cdcae7a9bcdc5ed1ed817fdb242
Build description path: /Users/rafaeltoneto/Documents/TCC/AvaliacaoBuild/capelo/Build/Intermediates.noindex/XCBuildData/f8f14cdcae7a9bcdc5ed1ed817fdb242.xcbuilddata
CreateBuildDirectory /Users/rafaeltoneto/Documents/TCC/AvaliacaoBuild/capelo/ModuleCache.noindex
    cd /Users/rafaeltoneto/Documents/TCC/ProjetosExternos/capelo/Capelo.xcodeproj
    builtin-create-build-directory /Users/rafaeltoneto/Documents/TCC/AvaliacaoBuild/capelo/ModuleCache.noindex

CreateBuildDirectory /Users/rafaeltoneto/Documents/TCC/AvaliacaoBuild/capelo/SDKExplicitPrecompiledModules
    cd /Users/rafaeltoneto/Documents/TCC/ProjetosExternos/capelo/Capelo.xcodeproj
    builtin-create-build-directory /Users/rafaeltoneto/Documents/TCC/AvaliacaoBuild/capelo/SDKExplicitPrecompiledModules

CreateBuildDirectory /Users/rafaeltoneto/Documents/TCC/AvaliacaoBuild/capelo/CompilationCache.noindex
    cd /Users/rafaeltoneto/Documents/TCC/ProjetosExternos/capelo/Capelo.xcodeproj
    builtin-create-build-directory /Users/rafaeltoneto/Documents/TCC/AvaliacaoBuild/capelo/CompilationCache.noindex

CreateBuildDirectory /Users/rafaeltoneto/Documents/TCC/AvaliacaoBuild/capelo/Build/Intermediates.noindex
    cd /Users/rafaeltoneto/Documents/TCC/ProjetosExternos/capelo/Capelo.xcodeproj
    builtin-create-build-directory /Users/rafaeltoneto/Documents/TCC/AvaliacaoBuild/capelo/Build/Intermediates.noindex

CreateBuildDirectory /Users/rafaeltoneto/Documents/TCC/AvaliacaoBuild/capelo/Build/Products
    cd /Users/rafaeltoneto/Documents/TCC/ProjetosExternos/capelo/Capelo.xcodeproj
    builtin-create-build-directory /Users/rafaeltoneto/Documents/TCC/AvaliacaoBuild/capelo/Build/Products

ClangStatCache /Applications/Xcode.app/Contents/Developer/Toolchains/XcodeDefault.xctoolchain/usr/bin/clang-stat-cache /Applications/Xcode.app/Contents/Developer/Platforms/iPhoneSimulator.platform/Developer/SDKs/iPhoneSimulator27.0.sdk /Users/rafaeltoneto/Documents/TCC/AvaliacaoBuild/capelo/SDKStatCaches.noindex/iphonesimulator27.0-24A430-8dc58220667be655e1bcc261a7455254.sdkstatcache
    cd /Users/rafaeltoneto/Documents/TCC/ProjetosExternos/capelo/Capelo.xcodeproj
    /Applications/Xcode.app/Contents/Developer/Toolchains/XcodeDefault.xctoolchain/usr/bin/clang-stat-cache /Applications/Xcode.app/Contents/Developer/Platforms/iPhoneSimulator.platform/Developer/SDKs/iPhoneSimulator27.0.sdk -o /Users/rafaeltoneto/Documents/TCC/AvaliacaoBuild/capelo/SDKStatCaches.noindex/iphonesimulator27.0-24A430-8dc58220667be655e1bcc261a7455254.sdkstatcache

CreateBuildDirectory /Users/rafaeltoneto/Documents/TCC/AvaliacaoBuild/capelo/Build/Intermediates.noindex/SwiftExplicitPrecompiledModules
    cd /Users/rafaeltoneto/Documents/TCC/ProjetosExternos/capelo/Capelo.xcodeproj
    builtin-create-build-directory /Users/rafaeltoneto/Documents/TCC/AvaliacaoBuild/capelo/Build/Intermediates.noindex/SwiftExplicitPrecompiledModules

CreateBuildDirectory /Users/rafaeltoneto/Documents/TCC/AvaliacaoBuild/capelo/Build/Intermediates.noindex/ExplicitPrecompiledModules
    cd /Users/rafaeltoneto/Documents/TCC/ProjetosExternos/capelo/Capelo.xcodeproj
    builtin-create-build-directory /Users/rafaeltoneto/Documents/TCC/AvaliacaoBuild/capelo/Build/Intermediates.noindex/ExplicitPrecompiledModules

CreateBuildDirectory /Users/rafaeltoneto/Documents/TCC/AvaliacaoBuild/capelo/Build/Intermediates.noindex/PrecompiledHeaders
    cd /Users/rafaeltoneto/Documents/TCC/ProjetosExternos/capelo/Capelo.xcodeproj
    builtin-create-build-directory /Users/rafaeltoneto/Documents/TCC/AvaliacaoBuild/capelo/Build/Intermediates.noindex/PrecompiledHeaders

CreateBuildDirectory /Users/rafaeltoneto/Documents/TCC/AvaliacaoBuild/capelo/Build/Products/Debug-iphonesimulator
    cd /Users/rafaeltoneto/Documents/TCC/ProjetosExternos/capelo/Capelo.xcodeproj
    builtin-create-build-directory /Users/rafaeltoneto/Documents/TCC/AvaliacaoBuild/capelo/Build/Products/Debug-iphonesimulator

CreateBuildDirectory /Users/rafaeltoneto/Documents/TCC/AvaliacaoBuild/capelo/Build/Intermediates.noindex/EagerLinkingTBDs/Debug-iphonesimulator
    cd /Users/rafaeltoneto/Documents/TCC/ProjetosExternos/capelo/Capelo.xcodeproj
    builtin-create-build-directory /Users/rafaeltoneto/Documents/TCC/AvaliacaoBuild/capelo/Build/Intermediates.noindex/EagerLinkingTBDs/Debug-iphonesimulator

WriteAuxiliaryFile /Users/rafaeltoneto/Documents/TCC/AvaliacaoBuild/capelo/Build/Intermediates.noindex/Capelo.build/Debug-iphonesimulator/Capelo-d7ab5d3929f0dfd4052c11fdcff8b191-VFS-iphonesimulator/all-product-headers.yaml
    cd /Users/rafaeltoneto/Documents/TCC/ProjetosExternos/capelo/Capelo.xcodeproj
    write-file /Users/rafaeltoneto/Documents/TCC/AvaliacaoBuild/capelo/Build/Intermediates.noindex/Capelo.build/Debug-iphonesimulator/Capelo-d7ab5d3929f0dfd4052c11fdcff8b191-VFS-iphonesimulator/all-product-headers.yaml

WriteAuxiliaryFile /Users/rafaeltoneto/Documents/TCC/AvaliacaoBuild/capelo/Build/Intermediates.noindex/Capelo.build/Debug-iphonesimulator/Capelo.build/empty-Capelo.plist (in target 'Capelo' from project 'Capelo')
    cd /Users/rafaeltoneto/Documents/TCC/ProjetosExternos/capelo
    write-file /Users/rafaeltoneto/Documents/TCC/AvaliacaoBuild/capelo/Build/Intermediates.noindex/Capelo.build/Debug-iphonesimulator/Capelo.build/empty-Capelo.plist

WriteAuxiliaryFile /Users/rafaeltoneto/Documents/TCC/AvaliacaoBuild/capelo/Build/Intermediates.noindex/Capelo.build/Debug-iphonesimulator/Capelo.build/Objects-normal/arm64/Capelo_const_extract_protocols.json (in target 'Capelo' from project 'Capelo')
    cd /Users/rafaeltoneto/Documents/TCC/ProjetosExternos/capelo
    write-file /Users/rafaeltoneto/Documents/TCC/AvaliacaoBuild/capelo/Build/Intermediates.noindex/Capelo.build/Debug-iphonesimulator/Capelo.build/Objects-normal/arm64/Capelo_const_extract_protocols.json

WriteAuxiliaryFile /Users/rafaeltoneto/Documents/TCC/AvaliacaoBuild/capelo/Build/Intermediates.noindex/Capelo.build/Debug-iphonesimulator/Capelo.build/Objects-normal/x86_64/Capelo.LinkFileList (in target 'Capelo' from project 'Capelo')
    cd /Users/rafaeltoneto/Documents/TCC/ProjetosExternos/capelo
    write-file /Users/rafaeltoneto/Documents/TCC/AvaliacaoBuild/capelo/Build/Intermediates.noindex/Capelo.build/Debug-iphonesimulator/Capelo.build/Objects-normal/x86_64/Capelo.LinkFileList

WriteAuxiliaryFile /Users/rafaeltoneto/Documents/TCC/AvaliacaoBuild/capelo/Build/Intermediates.noindex/Capelo.build/Debug-iphonesimulator/Capelo.build/Objects-normal/arm64/Capelo.LinkFileList (in target 'Capelo' from project 'Capelo')
    cd /Users/rafaeltoneto/Documents/TCC/ProjetosExternos/capelo
    write-file /Users/rafaeltoneto/Documents/TCC/AvaliacaoBuild/capelo/Build/Intermediates.noindex/Capelo.build/Debug-iphonesimulator/Capelo.build/Objects-normal/arm64/Capelo.LinkFileList

WriteAuxiliaryFile /Users/rafaeltoneto/Documents/TCC/AvaliacaoBuild/capelo/Build/Intermediates.noindex/Capelo.build/Debug-iphonesimulator/Capelo.build/Objects-normal/arm64/Capelo-OutputFileMap.json (in target 'Capelo' from project 'Capelo')
    cd /Users/rafaeltoneto/Documents/TCC/ProjetosExternos/capelo
    write-file /Users/rafaeltoneto/Documents/TCC/AvaliacaoBuild/capelo/Build/Intermediates.noindex/Capelo.build/Debug-iphonesimulator/Capelo.build/Objects-normal/arm64/Capelo-OutputFileMap.json

WriteAuxiliaryFile /Users/rafaeltoneto/Documents/TCC/AvaliacaoBuild/capelo/Build/Intermediates.noindex/Capelo.build/Debug-iphonesimulator/Capelo.build/Objects-normal/x86_64/Capelo_const_extract_protocols.json (in target 'Capelo' from project 'Capelo')
    cd /Users/rafaeltoneto/Documents/TCC/ProjetosExternos/capelo
    write-file /Users/rafaeltoneto/Documents/TCC/AvaliacaoBuild/capelo/Build/Intermediates.noindex/Capelo.build/Debug-iphonesimulator/Capelo.build/Objects-normal/x86_64/Capelo_const_extract_protocols.json

WriteAuxiliaryFile /Users/rafaeltoneto/Documents/TCC/AvaliacaoBuild/capelo/Build/Intermediates.noindex/Capelo.build/Debug-iphonesimulator/Capelo.build/Objects-normal/x86_64/Capelo-OutputFileMap.json (in target 'Capelo' from project 'Capelo')
    cd /Users/rafaeltoneto/Documents/TCC/ProjetosExternos/capelo
    write-file /Users/rafaeltoneto/Documents/TCC/AvaliacaoBuild/capelo/Build/Intermediates.noindex/Capelo.build/Debug-iphonesimulator/Capelo.build/Objects-normal/x86_64/Capelo-OutputFileMap.json

WriteAuxiliaryFile /Users/rafaeltoneto/Documents/TCC/AvaliacaoBuild/capelo/Build/Intermediates.noindex/Capelo.build/Debug-iphonesimulator/Capelo.build/Capelo.hmap (in target 'Capelo' from project 'Capelo')
    cd /Users/rafaeltoneto/Documents/TCC/ProjetosExternos/capelo
    write-file /Users/rafaeltoneto/Documents/TCC/AvaliacaoBuild/capelo/Build/Intermediates.noindex/Capelo.build/Debug-iphonesimulator/Capelo.build/Capelo.hmap

WriteAuxiliaryFile /Users/rafaeltoneto/Documents/TCC/AvaliacaoBuild/capelo/Build/Intermediates.noindex/Capelo.build/Debug-iphonesimulator/Capelo.build/Capelo-project-headers.hmap (in target 'Capelo' from project 'Capelo')
    cd /Users/rafaeltoneto/Documents/TCC/ProjetosExternos/capelo
    write-file /Users/rafaeltoneto/Documents/TCC/AvaliacaoBuild/capelo/Build/Intermediates.noindex/Capelo.build/Debug-iphonesimulator/Capelo.build/Capelo-project-headers.hmap

WriteAuxiliaryFile /Users/rafaeltoneto/Documents/TCC/AvaliacaoBuild/capelo/Build/Intermediates.noindex/Capelo.build/Debug-iphonesimulator/Capelo.build/Objects-normal/x86_64/Capelo.SwiftFileList (in target 'Capelo' from project 'Capelo')
    cd /Users/rafaeltoneto/Documents/TCC/ProjetosExternos/capelo
    write-file /Users/rafaeltoneto/Documents/TCC/AvaliacaoBuild/capelo/Build/Intermediates.noindex/Capelo.build/Debug-iphonesimulator/Capelo.build/Objects-normal/x86_64/Capelo.SwiftFileList

WriteAuxiliaryFile /Users/rafaeltoneto/Documents/TCC/AvaliacaoBuild/capelo/Build/Intermediates.noindex/Capelo.build/Debug-iphonesimulator/Capelo.build/Objects-normal/x86_64/Capelo.SwiftConstValuesFileList (in target 'Capelo' from project 'Capelo')
    cd /Users/rafaeltoneto/Documents/TCC/ProjetosExternos/capelo
    write-file /Users/rafaeltoneto/Documents/TCC/AvaliacaoBuild/capelo/Build/Intermediates.noindex/Capelo.build/Debug-iphonesimulator/Capelo.build/Objects-normal/x86_64/Capelo.SwiftConstValuesFileList

WriteAuxiliaryFile /Users/rafaeltoneto/Documents/TCC/AvaliacaoBuild/capelo/Build/Intermediates.noindex/Capelo.build/Debug-iphonesimulator/Capelo.build/Objects-normal/arm64/Capelo.SwiftFileList (in target 'Capelo' from project 'Capelo')
    cd /Users/rafaeltoneto/Documents/TCC/ProjetosExternos/capelo
    write-file /Users/rafaeltoneto/Documents/TCC/AvaliacaoBuild/capelo/Build/Intermediates.noindex/Capelo.build/Debug-iphonesimulator/Capelo.build/Objects-normal/arm64/Capelo.SwiftFileList

WriteAuxiliaryFile /Users/rafaeltoneto/Documents/TCC/AvaliacaoBuild/capelo/Build/Intermediates.noindex/Capelo.build/Debug-iphonesimulator/Capelo.build/Objects-normal/arm64/Capelo.SwiftConstValuesFileList (in target 'Capelo' from project 'Capelo')
    cd /Users/rafaeltoneto/Documents/TCC/ProjetosExternos/capelo
    write-file /Users/rafaeltoneto/Documents/TCC/AvaliacaoBuild/capelo/Build/Intermediates.noindex/Capelo.build/Debug-iphonesimulator/Capelo.build/Objects-normal/arm64/Capelo.SwiftConstValuesFileList

WriteAuxiliaryFile /Users/rafaeltoneto/Documents/TCC/AvaliacaoBuild/capelo/Build/Intermediates.noindex/Capelo.build/Debug-iphonesimulator/Capelo.build/Capelo.DependencyStaticMetadataFileList (in target 'Capelo' from project 'Capelo')
    cd /Users/rafaeltoneto/Documents/TCC/ProjetosExternos/capelo
    write-file /Users/rafaeltoneto/Documents/TCC/AvaliacaoBuild/capelo/Build/Intermediates.noindex/Capelo.build/Debug-iphonesimulator/Capelo.build/Capelo.DependencyStaticMetadataFileList

WriteAuxiliaryFile /Users/rafaeltoneto/Documents/TCC/AvaliacaoBuild/capelo/Build/Intermediates.noindex/Capelo.build/Debug-iphonesimulator/Capelo.build/Capelo.DependencyMetadataFileList (in target 'Capelo' from project 'Capelo')
    cd /Users/rafaeltoneto/Documents/TCC/ProjetosExternos/capelo
    write-file /Users/rafaeltoneto/Documents/TCC/AvaliacaoBuild/capelo/Build/Intermediates.noindex/Capelo.build/Debug-iphonesimulator/Capelo.build/Capelo.DependencyMetadataFileList

WriteAuxiliaryFile /Users/rafaeltoneto/Documents/TCC/AvaliacaoBuild/capelo/Build/Intermediates.noindex/Capelo.build/Debug-iphonesimulator/Capelo.build/Capelo-own-target-headers.hmap (in target 'Capelo' from project 'Capelo')
    cd /Users/rafaeltoneto/Documents/TCC/ProjetosExternos/capelo
    write-file /Users/rafaeltoneto/Documents/TCC/AvaliacaoBuild/capelo/Build/Intermediates.noindex/Capelo.build/Debug-iphonesimulator/Capelo.build/Capelo-own-target-headers.hmap

WriteAuxiliaryFile /Users/rafaeltoneto/Documents/TCC/AvaliacaoBuild/capelo/Build/Intermediates.noindex/Capelo.build/Debug-iphonesimulator/Capelo.build/Capelo-generated-files.hmap (in target 'Capelo' from project 'Capelo')
    cd /Users/rafaeltoneto/Documents/TCC/ProjetosExternos/capelo
    write-file /Users/rafaeltoneto/Documents/TCC/AvaliacaoBuild/capelo/Build/Intermediates.noindex/Capelo.build/Debug-iphonesimulator/Capelo.build/Capelo-generated-files.hmap

WriteAuxiliaryFile /Users/rafaeltoneto/Documents/TCC/AvaliacaoBuild/capelo/Build/Intermediates.noindex/Capelo.build/Debug-iphonesimulator/Capelo.build/Capelo-all-target-headers.hmap (in target 'Capelo' from project 'Capelo')
    cd /Users/rafaeltoneto/Documents/TCC/ProjetosExternos/capelo
    write-file /Users/rafaeltoneto/Documents/TCC/AvaliacaoBuild/capelo/Build/Intermediates.noindex/Capelo.build/Debug-iphonesimulator/Capelo.build/Capelo-all-target-headers.hmap

WriteAuxiliaryFile /Users/rafaeltoneto/Documents/TCC/AvaliacaoBuild/capelo/Build/Intermediates.noindex/Capelo.build/Debug-iphonesimulator/Capelo.build/Capelo-all-non-framework-target-headers.hmap (in target 'Capelo' from project 'Capelo')
    cd /Users/rafaeltoneto/Documents/TCC/ProjetosExternos/capelo
    write-file /Users/rafaeltoneto/Documents/TCC/AvaliacaoBuild/capelo/Build/Intermediates.noindex/Capelo.build/Debug-iphonesimulator/Capelo.build/Capelo-all-non-framework-target-headers.hmap

WriteAuxiliaryFile /Users/rafaeltoneto/Documents/TCC/AvaliacaoBuild/capelo/Build/Intermediates.noindex/Capelo.build/Debug-iphonesimulator/Capelo.build/Capelo-DebugDylibPath-normal-arm64.txt (in target 'Capelo' from project 'Capelo')
    cd /Users/rafaeltoneto/Documents/TCC/ProjetosExternos/capelo
    write-file /Users/rafaeltoneto/Documents/TCC/AvaliacaoBuild/capelo/Build/Intermediates.noindex/Capelo.build/Debug-iphonesimulator/Capelo.build/Capelo-DebugDylibPath-normal-arm64.txt

WriteAuxiliaryFile /Users/rafaeltoneto/Documents/TCC/AvaliacaoBuild/capelo/Build/Intermediates.noindex/Capelo.build/Debug-iphonesimulator/Capelo.build/Capelo-DebugDylibPath-normal-x86_64.txt (in target 'Capelo' from project 'Capelo')
    cd /Users/rafaeltoneto/Documents/TCC/ProjetosExternos/capelo
    write-file /Users/rafaeltoneto/Documents/TCC/AvaliacaoBuild/capelo/Build/Intermediates.noindex/Capelo.build/Debug-iphonesimulator/Capelo.build/Capelo-DebugDylibPath-normal-x86_64.txt

WriteAuxiliaryFile /Users/rafaeltoneto/Documents/TCC/AvaliacaoBuild/capelo/Build/Intermediates.noindex/Capelo.build/Debug-iphonesimulator/Capelo.build/Capelo-DebugDylibInstallName-normal-x86_64.txt (in target 'Capelo' from project 'Capelo')
    cd /Users/rafaeltoneto/Documents/TCC/ProjetosExternos/capelo
    write-file /Users/rafaeltoneto/Documents/TCC/AvaliacaoBuild/capelo/Build/Intermediates.noindex/Capelo.build/Debug-iphonesimulator/Capelo.build/Capelo-DebugDylibInstallName-normal-x86_64.txt

WriteAuxiliaryFile /Users/rafaeltoneto/Documents/TCC/AvaliacaoBuild/capelo/Build/Intermediates.noindex/Capelo.build/Debug-iphonesimulator/Capelo.build/Capelo-DebugDylibInstallName-normal-arm64.txt (in target 'Capelo' from project 'Capelo')
    cd /Users/rafaeltoneto/Documents/TCC/ProjetosExternos/capelo
    write-file /Users/rafaeltoneto/Documents/TCC/AvaliacaoBuild/capelo/Build/Intermediates.noindex/Capelo.build/Debug-iphonesimulator/Capelo.build/Capelo-DebugDylibInstallName-normal-arm64.txt

MkDir /Users/rafaeltoneto/Documents/TCC/AvaliacaoBuild/capelo/Build/Products/Debug-iphonesimulator/Capelo.app (in target 'Capelo' from project 'Capelo')
    cd /Users/rafaeltoneto/Documents/TCC/ProjetosExternos/capelo
    /bin/mkdir -p /Users/rafaeltoneto/Documents/TCC/AvaliacaoBuild/capelo/Build/Products/Debug-iphonesimulator/Capelo.app

MkDir /Users/rafaeltoneto/Documents/TCC/AvaliacaoBuild/capelo/Build/Intermediates.noindex/Capelo.build/Debug-iphonesimulator/Capelo.build/assetcatalog_output/unthinned (in target 'Capelo' from project 'Capelo')
    cd /Users/rafaeltoneto/Documents/TCC/ProjetosExternos/capelo
    /bin/mkdir -p /Users/rafaeltoneto/Documents/TCC/AvaliacaoBuild/capelo/Build/Intermediates.noindex/Capelo.build/Debug-iphonesimulator/Capelo.build/assetcatalog_output/unthinned

MkDir /Users/rafaeltoneto/Documents/TCC/AvaliacaoBuild/capelo/Build/Intermediates.noindex/Capelo.build/Debug-iphonesimulator/Capelo.build/assetcatalog_output/thinned (in target 'Capelo' from project 'Capelo')
    cd /Users/rafaeltoneto/Documents/TCC/ProjetosExternos/capelo
    /bin/mkdir -p /Users/rafaeltoneto/Documents/TCC/AvaliacaoBuild/capelo/Build/Intermediates.noindex/Capelo.build/Debug-iphonesimulator/Capelo.build/assetcatalog_output/thinned

Ld /Users/rafaeltoneto/Documents/TCC/AvaliacaoBuild/capelo/Build/Intermediates.noindex/Capelo.build/Debug-iphonesimulator/Capelo.build/Objects-normal/arm64/Binary/__preview.dylib normal arm64 (in target 'Capelo' from project 'Capelo')
    cd /Users/rafaeltoneto/Documents/TCC/ProjetosExternos/capelo
    /Applications/Xcode.app/Contents/Developer/Toolchains/XcodeDefault.xctoolchain/usr/bin/clang -Xlinker -reproducible -target arm64-apple-ios18.6-simulator -dynamiclib -isysroot /Applications/Xcode.app/Contents/Developer/Platforms/iPhoneSimulator.platform/Developer/SDKs/iPhoneSimulator27.0.sdk -O0 -Xlinker -no_warn_duplicate_libraries -L/Users/rafaeltoneto/Documents/TCC/AvaliacaoBuild/capelo/Build/Products/Debug-iphonesimulator -F/Users/rafaeltoneto/Documents/TCC/AvaliacaoBuild/capelo/Build/Products/Debug-iphonesimulator -install_name @rpath/Capelo.debug.dylib -Xlinker -dead_strip -rdynamic -Xlinker -no_deduplicate -Xlinker -objc_abi_version -Xlinker 2 -Xlinker -dependency_info -Xlinker /Users/rafaeltoneto/Documents/TCC/AvaliacaoBuild/capelo/Build/Intermediates.noindex/Capelo.build/Debug-iphonesimulator/Capelo.build/Objects-normal/arm64/Capelo_dependency_info.dat -o /Users/rafaeltoneto/Documents/TCC/AvaliacaoBuild/capelo/Build/Intermediates.noindex/Capelo.build/Debug-iphonesimulator/Capelo.build/Objects-normal/arm64/Binary/__preview.dylib

CpResource /Users/rafaeltoneto/Documents/TCC/AvaliacaoBuild/capelo/Build/Products/Debug-iphonesimulator/Capelo.app/spanish_words.txt /Users/rafaeltoneto/Documents/TCC/ProjetosExternos/capelo/Capelo/Resources/spanish_words.txt (in target 'Capelo' from project 'Capelo')
    cd /Users/rafaeltoneto/Documents/TCC/ProjetosExternos/capelo
    builtin-copy -exclude .DS_Store -exclude CVS -exclude .svn -exclude .git -exclude .hg -resolve-src-symlinks /Users/rafaeltoneto/Documents/TCC/ProjetosExternos/capelo/Capelo/Resources/spanish_words.txt /Users/rafaeltoneto/Documents/TCC/AvaliacaoBuild/capelo/Build/Products/Debug-iphonesimulator/Capelo.app

CpResource /Users/rafaeltoneto/Documents/TCC/AvaliacaoBuild/capelo/Build/Products/Debug-iphonesimulator/Capelo.app/portuguese_words.txt /Users/rafaeltoneto/Documents/TCC/ProjetosExternos/capelo/Capelo/Resources/portuguese_words.txt (in target 'Capelo' from project 'Capelo')
    cd /Users/rafaeltoneto/Documents/TCC/ProjetosExternos/capelo
    builtin-copy -exclude .DS_Store -exclude CVS -exclude .svn -exclude .git -exclude .hg -resolve-src-symlinks /Users/rafaeltoneto/Documents/TCC/ProjetosExternos/capelo/Capelo/Resources/portuguese_words.txt /Users/rafaeltoneto/Documents/TCC/AvaliacaoBuild/capelo/Build/Products/Debug-iphonesimulator/Capelo.app

GenerateAssetSymbols /Users/rafaeltoneto/Documents/TCC/ProjetosExternos/capelo/Capelo/Assets.xcassets (in target 'Capelo' from project 'Capelo')
    cd /Users/rafaeltoneto/Documents/TCC/ProjetosExternos/capelo
    /Applications/Xcode.app/Contents/Developer/usr/bin/actool /Users/rafaeltoneto/Documents/TCC/ProjetosExternos/capelo/Capelo/Assets.xcassets --compile /Users/rafaeltoneto/Documents/TCC/AvaliacaoBuild/capelo/Build/Products/Debug-iphonesimulator/Capelo.app --output-format human-readable-text --notices --warnings --export-dependency-info /Users/rafaeltoneto/Documents/TCC/AvaliacaoBuild/capelo/Build/Intermediates.noindex/Capelo.build/Debug-iphonesimulator/Capelo.build/assetcatalog_dependencies --output-partial-info-plist /Users/rafaeltoneto/Documents/TCC/AvaliacaoBuild/capelo/Build/Intermediates.noindex/Capelo.build/Debug-iphonesimulator/Capelo.build/assetcatalog_generated_info.plist --app-icon AppIcon --accent-color AccentColor --compress-pngs --enable-on-demand-resources YES --development-region en --target-device iphone --minimum-deployment-target 18.6 --platform iphonesimulator --bundle-identifier com.misericode.Capelo --generate-swift-asset-symbols /Users/rafaeltoneto/Documents/TCC/AvaliacaoBuild/capelo/Build/Intermediates.noindex/Capelo.build/Debug-iphonesimulator/Capelo.build/DerivedSources/GeneratedAssetSymbols.swift --generate-objc-asset-symbols /Users/rafaeltoneto/Documents/TCC/AvaliacaoBuild/capelo/Build/Intermediates.noindex/Capelo.build/Debug-iphonesimulator/Capelo.build/DerivedSources/GeneratedAssetSymbols.h --generate-asset-symbol-index /Users/rafaeltoneto/Documents/TCC/AvaliacaoBuild/capelo/Build/Intermediates.noindex/Capelo.build/Debug-iphonesimulator/Capelo.build/DerivedSources/GeneratedAssetSymbols-Index.plist
/* com.apple.actool.compilation-results */
/Users/rafaeltoneto/Documents/TCC/AvaliacaoBuild/capelo/Build/Intermediates.noindex/Capelo.build/Debug-iphonesimulator/Capelo.build/DerivedSources/GeneratedAssetSymbols-Index.plist
/Users/rafaeltoneto/Documents/TCC/AvaliacaoBuild/capelo/Build/Intermediates.noindex/Capelo.build/Debug-iphonesimulator/Capelo.build/DerivedSources/GeneratedAssetSymbols.h
/Users/rafaeltoneto/Documents/TCC/AvaliacaoBuild/capelo/Build/Intermediates.noindex/Capelo.build/Debug-iphonesimulator/Capelo.build/DerivedSources/GeneratedAssetSymbols.swift


Ld /Users/rafaeltoneto/Documents/TCC/AvaliacaoBuild/capelo/Build/Intermediates.noindex/Capelo.build/Debug-iphonesimulator/Capelo.build/Objects-normal/x86_64/Binary/__preview.dylib normal x86_64 (in target 'Capelo' from project 'Capelo')
    cd /Users/rafaeltoneto/Documents/TCC/ProjetosExternos/capelo
    /Applications/Xcode.app/Contents/Developer/Toolchains/XcodeDefault.xctoolchain/usr/bin/clang -Xlinker -reproducible -target x86_64-apple-ios18.6-simulator -dynamiclib -isysroot /Applications/Xcode.app/Contents/Developer/Platforms/iPhoneSimulator.platform/Developer/SDKs/iPhoneSimulator27.0.sdk -O0 -Xlinker -no_warn_duplicate_libraries -L/Users/rafaeltoneto/Documents/TCC/AvaliacaoBuild/capelo/Build/Products/Debug-iphonesimulator -F/Users/rafaeltoneto/Documents/TCC/AvaliacaoBuild/capelo/Build/Products/Debug-iphonesimulator -install_name @rpath/Capelo.debug.dylib -Xlinker -dead_strip -rdynamic -Xlinker -no_deduplicate -Xlinker -objc_abi_version -Xlinker 2 -Xlinker -dependency_info -Xlinker /Users/rafaeltoneto/Documents/TCC/AvaliacaoBuild/capelo/Build/Intermediates.noindex/Capelo.build/Debug-iphonesimulator/Capelo.build/Objects-normal/x86_64/Capelo_dependency_info.dat -o /Users/rafaeltoneto/Documents/TCC/AvaliacaoBuild/capelo/Build/Intermediates.noindex/Capelo.build/Debug-iphonesimulator/Capelo.build/Objects-normal/x86_64/Binary/__preview.dylib

CpResource /Users/rafaeltoneto/Documents/TCC/AvaliacaoBuild/capelo/Build/Products/Debug-iphonesimulator/Capelo.app/french_words.txt /Users/rafaeltoneto/Documents/TCC/ProjetosExternos/capelo/Capelo/Resources/french_words.txt (in target 'Capelo' from project 'Capelo')
    cd /Users/rafaeltoneto/Documents/TCC/ProjetosExternos/capelo
    builtin-copy -exclude .DS_Store -exclude CVS -exclude .svn -exclude .git -exclude .hg -resolve-src-symlinks /Users/rafaeltoneto/Documents/TCC/ProjetosExternos/capelo/Capelo/Resources/french_words.txt /Users/rafaeltoneto/Documents/TCC/AvaliacaoBuild/capelo/Build/Products/Debug-iphonesimulator/Capelo.app

CpResource /Users/rafaeltoneto/Documents/TCC/AvaliacaoBuild/capelo/Build/Products/Debug-iphonesimulator/Capelo.app/english_words.txt /Users/rafaeltoneto/Documents/TCC/ProjetosExternos/capelo/Capelo/Resources/english_words.txt (in target 'Capelo' from project 'Capelo')
    cd /Users/rafaeltoneto/Documents/TCC/ProjetosExternos/capelo
    builtin-copy -exclude .DS_Store -exclude CVS -exclude .svn -exclude .git -exclude .hg -resolve-src-symlinks /Users/rafaeltoneto/Documents/TCC/ProjetosExternos/capelo/Capelo/Resources/english_words.txt /Users/rafaeltoneto/Documents/TCC/AvaliacaoBuild/capelo/Build/Products/Debug-iphonesimulator/Capelo.app

CompileAssetCatalogVariant thinned /Users/rafaeltoneto/Documents/TCC/AvaliacaoBuild/capelo/Build/Products/Debug-iphonesimulator/Capelo.app /Users/rafaeltoneto/Documents/TCC/ProjetosExternos/capelo/Capelo/Assets.xcassets (in target 'Capelo' from project 'Capelo')
    cd /Users/rafaeltoneto/Documents/TCC/ProjetosExternos/capelo
    /Applications/Xcode.app/Contents/Developer/usr/bin/actool /Users/rafaeltoneto/Documents/TCC/ProjetosExternos/capelo/Capelo/Assets.xcassets --compile /Users/rafaeltoneto/Documents/TCC/AvaliacaoBuild/capelo/Build/Intermediates.noindex/Capelo.build/Debug-iphonesimulator/Capelo.build/assetcatalog_output/thinned --output-format human-readable-text --notices --warnings --export-dependency-info /Users/rafaeltoneto/Documents/TCC/AvaliacaoBuild/capelo/Build/Intermediates.noindex/Capelo.build/Debug-iphonesimulator/Capelo.build/assetcatalog_dependencies_thinned --output-partial-info-plist /Users/rafaeltoneto/Documents/TCC/AvaliacaoBuild/capelo/Build/Intermediates.noindex/Capelo.build/Debug-iphonesimulator/Capelo.build/assetcatalog_generated_info.plist_thinned --app-icon AppIcon --accent-color AccentColor --compress-pngs --enable-on-demand-resources YES --development-region en --target-device iphone --minimum-deployment-target 18.6 --platform iphonesimulator
/* com.apple.actool.compilation-results */
/Users/rafaeltoneto/Documents/TCC/AvaliacaoBuild/capelo/Build/Intermediates.noindex/Capelo.build/Debug-iphonesimulator/Capelo.build/assetcatalog_generated_info.plist_thinned
/Users/rafaeltoneto/Documents/TCC/AvaliacaoBuild/capelo/Build/Intermediates.noindex/Capelo.build/Debug-iphonesimulator/Capelo.build/assetcatalog_output/thinned/AppIcon60x60@2x.png
/Users/rafaeltoneto/Documents/TCC/AvaliacaoBuild/capelo/Build/Intermediates.noindex/Capelo.build/Debug-iphonesimulator/Capelo.build/assetcatalog_output/thinned/AppIcon76x76@2x~ipad.png
/Users/rafaeltoneto/Documents/TCC/AvaliacaoBuild/capelo/Build/Intermediates.noindex/Capelo.build/Debug-iphonesimulator/Capelo.build/assetcatalog_output/thinned/Assets.car


CreateUniversalBinary /Users/rafaeltoneto/Documents/TCC/AvaliacaoBuild/capelo/Build/Products/Debug-iphonesimulator/Capelo.app/__preview.dylib normal arm64\ x86_64 (in target 'Capelo' from project 'Capelo')
    cd /Users/rafaeltoneto/Documents/TCC/ProjetosExternos/capelo
    /Applications/Xcode.app/Contents/Developer/Toolchains/XcodeDefault.xctoolchain/usr/bin/lipo -create /Users/rafaeltoneto/Documents/TCC/AvaliacaoBuild/capelo/Build/Intermediates.noindex/Capelo.build/Debug-iphonesimulator/Capelo.build/Objects-normal/arm64/Binary/__preview.dylib /Users/rafaeltoneto/Documents/TCC/AvaliacaoBuild/capelo/Build/Intermediates.noindex/Capelo.build/Debug-iphonesimulator/Capelo.build/Objects-normal/x86_64/Binary/__preview.dylib -output /Users/rafaeltoneto/Documents/TCC/AvaliacaoBuild/capelo/Build/Products/Debug-iphonesimulator/Capelo.app/__preview.dylib

SwiftDriver Capelo normal arm64 com.apple.xcode.tools.swift.compiler (in target 'Capelo' from project 'Capelo')
    cd /Users/rafaeltoneto/Documents/TCC/ProjetosExternos/capelo
    builtin-SwiftDriver -- /Applications/Xcode.app/Contents/Developer/Toolchains/XcodeDefault.xctoolchain/usr/bin/swiftc -module-name Capelo -Onone @/Users/rafaeltoneto/Documents/TCC/AvaliacaoBuild/capelo/Build/Intermediates.noindex/Capelo.build/Debug-iphonesimulator/Capelo.build/Objects-normal/arm64/Capelo.SwiftFileList -DDEBUG -default-isolation\=MainActor -enable-bare-slash-regex -enable-upcoming-feature DisableOutwardActorInference -enable-upcoming-feature InferSendableFromCaptures -enable-upcoming-feature GlobalActorIsolatedTypesUsability -enable-upcoming-feature MemberImportVisibility -enable-upcoming-feature InferIsolatedConformances -enable-upcoming-feature NonisolatedNonsendingByDefault -enable-experimental-feature DebugDescriptionMacro -sdk /Applications/Xcode.app/Contents/Developer/Platforms/iPhoneSimulator.platform/Developer/SDKs/iPhoneSimulator27.0.sdk -target arm64-apple-ios18.6-simulator -g -module-cache-path /Users/rafaeltoneto/Documents/TCC/AvaliacaoBuild/capelo/ModuleCache.noindex -Xfrontend -serialize-debugging-options -enable-testing -index-store-path /Users/rafaeltoneto/Documents/TCC/AvaliacaoBuild/capelo/Index.noindex/DataStore -Xcc -D_LIBCPP_HARDENING_MODE\=_LIBCPP_HARDENING_MODE_DEBUG -swift-version 5 -I /Users/rafaeltoneto/Documents/TCC/AvaliacaoBuild/capelo/Build/Products/Debug-iphonesimulator -F /Users/rafaeltoneto/Documents/TCC/AvaliacaoBuild/capelo/Build/Products/Debug-iphonesimulator -emit-localized-strings -emit-localized-strings-path /Users/rafaeltoneto/Documents/TCC/AvaliacaoBuild/capelo/Build/Intermediates.noindex/Capelo.build/Debug-iphonesimulator/Capelo.build/Objects-normal/arm64 -c -j10 -enable-batch-mode -incremental -Xcc -ivfsstatcache -Xcc /Users/rafaeltoneto/Documents/TCC/AvaliacaoBuild/capelo/SDKStatCaches.noindex/iphonesimulator27.0-24A430-8dc58220667be655e1bcc261a7455254.sdkstatcache -output-file-map /Users/rafaeltoneto/Documents/TCC/AvaliacaoBuild/capelo/Build/Intermediates.noindex/Capelo.build/Debug-iphonesimulator/Capelo.build/Objects-normal/arm64/Capelo-OutputFileMap.json -save-temps -no-color-diagnostics -explicit-module-build -module-cache-path /Users/rafaeltoneto/Documents/TCC/AvaliacaoBuild/capelo/Build/Intermediates.noindex/SwiftExplicitPrecompiledModules -clang-scanner-module-cache-path /Users/rafaeltoneto/Documents/TCC/AvaliacaoBuild/capelo/ModuleCache.noindex -sdk-module-cache-path /Users/rafaeltoneto/Documents/TCC/AvaliacaoBuild/capelo/SDKExplicitPrecompiledModules -emit-dependencies -emit-module -emit-module-path /Users/rafaeltoneto/Documents/TCC/AvaliacaoBuild/capelo/Build/Intermediates.noindex/Capelo.build/Debug-iphonesimulator/Capelo.build/Objects-normal/arm64/Capelo.swiftmodule -serialize-diagnostics -dependency-scan-serialize-diagnostics-path /Users/rafaeltoneto/Documents/TCC/AvaliacaoBuild/capelo/Build/Intermediates.noindex/Capelo.build/Debug-iphonesimulator/Capelo.build/Objects-normal/arm64/Capelo-dependency-scan.dia -validate-clang-modules-once -clang-build-session-file /Users/rafaeltoneto/Documents/TCC/AvaliacaoBuild/capelo/ModuleCache.noindex/Session.modulevalidation -Xcc -fmodules-prune-interval\=86400 -Xcc -fmodules-prune-after\=345600 -emit-const-values -const-gather-protocols-list /Users/rafaeltoneto/Documents/TCC/AvaliacaoBuild/capelo/Build/Intermediates.noindex/Capelo.build/Debug-iphonesimulator/Capelo.build/Objects-normal/arm64/Capelo_const_extract_protocols.json -Xcc -iquote -Xcc /Users/rafaeltoneto/Documents/TCC/AvaliacaoBuild/capelo/Build/Intermediates.noindex/Capelo.build/Debug-iphonesimulator/Capelo.build/Capelo-generated-files.hmap -Xcc -I/Users/rafaeltoneto/Documents/TCC/AvaliacaoBuild/capelo/Build/Intermediates.noindex/Capelo.build/Debug-iphonesimulator/Capelo.build/Capelo-own-target-headers.hmap -Xcc -I/Users/rafaeltoneto/Documents/TCC/AvaliacaoBuild/capelo/Build/Intermediates.noindex/Capelo.build/Debug-iphonesimulator/Capelo.build/Capelo-all-target-headers.hmap -Xcc -iquote -Xcc /Users/rafaeltoneto/Documents/TCC/AvaliacaoBuild/capelo/Build/Intermediates.noindex/Capelo.build/Debug-iphonesimulator/Capelo.build/Capelo-project-headers.hmap -Xcc -I/Users/rafaeltoneto/Documents/TCC/AvaliacaoBuild/capelo/Build/Products/Debug-iphonesimulator/include -Xcc -I/Users/rafaeltoneto/Documents/TCC/AvaliacaoBuild/capelo/Build/Intermediates.noindex/Capelo.build/Debug-iphonesimulator/Capelo.build/DerivedSources-normal/arm64 -Xcc -I/Users/rafaeltoneto/Documents/TCC/AvaliacaoBuild/capelo/Build/Intermediates.noindex/Capelo.build/Debug-iphonesimulator/Capelo.build/DerivedSources/arm64 -Xcc -I/Users/rafaeltoneto/Documents/TCC/AvaliacaoBuild/capelo/Build/Intermediates.noindex/Capelo.build/Debug-iphonesimulator/Capelo.build/DerivedSources -Xcc -DDEBUG\=1 -emit-objc-header -emit-objc-header-path /Users/rafaeltoneto/Documents/TCC/AvaliacaoBuild/capelo/Build/Intermediates.noindex/Capelo.build/Debug-iphonesimulator/Capelo.build/Objects-normal/arm64/Capelo-Swift.h -working-directory /Users/rafaeltoneto/Documents/TCC/ProjetosExternos/capelo -experimental-emit-module-separately -disable-cmo

SwiftDriver Capelo normal x86_64 com.apple.xcode.tools.swift.compiler (in target 'Capelo' from project 'Capelo')
    cd /Users/rafaeltoneto/Documents/TCC/ProjetosExternos/capelo
    builtin-SwiftDriver -- /Applications/Xcode.app/Contents/Developer/Toolchains/XcodeDefault.xctoolchain/usr/bin/swiftc -module-name Capelo -Onone @/Users/rafaeltoneto/Documents/TCC/AvaliacaoBuild/capelo/Build/Intermediates.noindex/Capelo.build/Debug-iphonesimulator/Capelo.build/Objects-normal/x86_64/Capelo.SwiftFileList -DDEBUG -default-isolation\=MainActor -enable-bare-slash-regex -enable-upcoming-feature DisableOutwardActorInference -enable-upcoming-feature InferSendableFromCaptures -enable-upcoming-feature GlobalActorIsolatedTypesUsability -enable-upcoming-feature MemberImportVisibility -enable-upcoming-feature InferIsolatedConformances -enable-upcoming-feature NonisolatedNonsendingByDefault -enable-experimental-feature DebugDescriptionMacro -sdk /Applications/Xcode.app/Contents/Developer/Platforms/iPhoneSimulator.platform/Developer/SDKs/iPhoneSimulator27.0.sdk -target x86_64-apple-ios18.6-simulator -g -module-cache-path /Users/rafaeltoneto/Documents/TCC/AvaliacaoBuild/capelo/ModuleCache.noindex -Xfrontend -serialize-debugging-options -enable-testing -index-store-path /Users/rafaeltoneto/Documents/TCC/AvaliacaoBuild/capelo/Index.noindex/DataStore -Xcc -D_LIBCPP_HARDENING_MODE\=_LIBCPP_HARDENING_MODE_DEBUG -swift-version 5 -I /Users/rafaeltoneto/Documents/TCC/AvaliacaoBuild/capelo/Build/Products/Debug-iphonesimulator -F /Users/rafaeltoneto/Documents/TCC/AvaliacaoBuild/capelo/Build/Products/Debug-iphonesimulator -emit-localized-strings -emit-localized-strings-path /Users/rafaeltoneto/Documents/TCC/AvaliacaoBuild/capelo/Build/Intermediates.noindex/Capelo.build/Debug-iphonesimulator/Capelo.build/Objects-normal/x86_64 -c -j10 -enable-batch-mode -incremental -Xcc -ivfsstatcache -Xcc /Users/rafaeltoneto/Documents/TCC/AvaliacaoBuild/capelo/SDKStatCaches.noindex/iphonesimulator27.0-24A430-8dc58220667be655e1bcc261a7455254.sdkstatcache -output-file-map /Users/rafaeltoneto/Documents/TCC/AvaliacaoBuild/capelo/Build/Intermediates.noindex/Capelo.build/Debug-iphonesimulator/Capelo.build/Objects-normal/x86_64/Capelo-OutputFileMap.json -save-temps -no-color-diagnostics -explicit-module-build -module-cache-path /Users/rafaeltoneto/Documents/TCC/AvaliacaoBuild/capelo/Build/Intermediates.noindex/SwiftExplicitPrecompiledModules -clang-scanner-module-cache-path /Users/rafaeltoneto/Documents/TCC/AvaliacaoBuild/capelo/ModuleCache.noindex -sdk-module-cache-path /Users/rafaeltoneto/Documents/TCC/AvaliacaoBuild/capelo/SDKExplicitPrecompiledModules -emit-dependencies -emit-module -emit-module-path /Users/rafaeltoneto/Documents/TCC/AvaliacaoBuild/capelo/Build/Intermediates.noindex/Capelo.build/Debug-iphonesimulator/Capelo.build/Objects-normal/x86_64/Capelo.swiftmodule -serialize-diagnostics -dependency-scan-serialize-diagnostics-path /Users/rafaeltoneto/Documents/TCC/AvaliacaoBuild/capelo/Build/Intermediates.noindex/Capelo.build/Debug-iphonesimulator/Capelo.build/Objects-normal/x86_64/Capelo-dependency-scan.dia -validate-clang-modules-once -clang-build-session-file /Users/rafaeltoneto/Documents/TCC/AvaliacaoBuild/capelo/ModuleCache.noindex/Session.modulevalidation -Xcc -fmodules-prune-interval\=86400 -Xcc -fmodules-prune-after\=345600 -emit-const-values -const-gather-protocols-list /Users/rafaeltoneto/Documents/TCC/AvaliacaoBuild/capelo/Build/Intermediates.noindex/Capelo.build/Debug-iphonesimulator/Capelo.build/Objects-normal/x86_64/Capelo_const_extract_protocols.json -Xcc -iquote -Xcc /Users/rafaeltoneto/Documents/TCC/AvaliacaoBuild/capelo/Build/Intermediates.noindex/Capelo.build/Debug-iphonesimulator/Capelo.build/Capelo-generated-files.hmap -Xcc -I/Users/rafaeltoneto/Documents/TCC/AvaliacaoBuild/capelo/Build/Intermediates.noindex/Capelo.build/Debug-iphonesimulator/Capelo.build/Capelo-own-target-headers.hmap -Xcc -I/Users/rafaeltoneto/Documents/TCC/AvaliacaoBuild/capelo/Build/Intermediates.noindex/Capelo.build/Debug-iphonesimulator/Capelo.build/Capelo-all-target-headers.hmap -Xcc -iquote -Xcc /Users/rafaeltoneto/Documents/TCC/AvaliacaoBuild/capelo/Build/Intermediates.noindex/Capelo.build/Debug-iphonesimulator/Capelo.build/Capelo-project-headers.hmap -Xcc -I/Users/rafaeltoneto/Documents/TCC/AvaliacaoBuild/capelo/Build/Products/Debug-iphonesimulator/include -Xcc -I/Users/rafaeltoneto/Documents/TCC/AvaliacaoBuild/capelo/Build/Intermediates.noindex/Capelo.build/Debug-iphonesimulator/Capelo.build/DerivedSources-normal/x86_64 -Xcc -I/Users/rafaeltoneto/Documents/TCC/AvaliacaoBuild/capelo/Build/Intermediates.noindex/Capelo.build/Debug-iphonesimulator/Capelo.build/DerivedSources/x86_64 -Xcc -I/Users/rafaeltoneto/Documents/TCC/AvaliacaoBuild/capelo/Build/Intermediates.noindex/Capelo.build/Debug-iphonesimulator/Capelo.build/DerivedSources -Xcc -DDEBUG\=1 -emit-objc-header -emit-objc-header-path /Users/rafaeltoneto/Documents/TCC/AvaliacaoBuild/capelo/Build/Intermediates.noindex/Capelo.build/Debug-iphonesimulator/Capelo.build/Objects-normal/x86_64/Capelo-Swift.h -working-directory /Users/rafaeltoneto/Documents/TCC/ProjetosExternos/capelo -experimental-emit-module-separately -disable-cmo

LinkAssetCatalog /Users/rafaeltoneto/Documents/TCC/ProjetosExternos/capelo/Capelo/Assets.xcassets (in target 'Capelo' from project 'Capelo')
    cd /Users/rafaeltoneto/Documents/TCC/ProjetosExternos/capelo
    builtin-linkAssetCatalog --thinned /Users/rafaeltoneto/Documents/TCC/AvaliacaoBuild/capelo/Build/Intermediates.noindex/Capelo.build/Debug-iphonesimulator/Capelo.build/assetcatalog_output/thinned --thinned-dependencies /Users/rafaeltoneto/Documents/TCC/AvaliacaoBuild/capelo/Build/Intermediates.noindex/Capelo.build/Debug-iphonesimulator/Capelo.build/assetcatalog_dependencies_thinned --thinned-info-plist-content /Users/rafaeltoneto/Documents/TCC/AvaliacaoBuild/capelo/Build/Intermediates.noindex/Capelo.build/Debug-iphonesimulator/Capelo.build/assetcatalog_generated_info.plist_thinned --unthinned /Users/rafaeltoneto/Documents/TCC/AvaliacaoBuild/capelo/Build/Intermediates.noindex/Capelo.build/Debug-iphonesimulator/Capelo.build/assetcatalog_output/unthinned --unthinned-dependencies /Users/rafaeltoneto/Documents/TCC/AvaliacaoBuild/capelo/Build/Intermediates.noindex/Capelo.build/Debug-iphonesimulator/Capelo.build/assetcatalog_dependencies_unthinned --unthinned-info-plist-content /Users/rafaeltoneto/Documents/TCC/AvaliacaoBuild/capelo/Build/Intermediates.noindex/Capelo.build/Debug-iphonesimulator/Capelo.build/assetcatalog_generated_info.plist_unthinned --output /Users/rafaeltoneto/Documents/TCC/AvaliacaoBuild/capelo/Build/Products/Debug-iphonesimulator/Capelo.app --plist-output /Users/rafaeltoneto/Documents/TCC/AvaliacaoBuild/capelo/Build/Intermediates.noindex/Capelo.build/Debug-iphonesimulator/Capelo.build/assetcatalog_generated_info.plist
note: Emplaced /Users/rafaeltoneto/Documents/TCC/AvaliacaoBuild/capelo/Build/Products/Debug-iphonesimulator/Capelo.app/Assets.car (in target 'Capelo' from project 'Capelo')
note: Emplaced /Users/rafaeltoneto/Documents/TCC/AvaliacaoBuild/capelo/Build/Products/Debug-iphonesimulator/Capelo.app/AppIcon76x76@2x~ipad.png (in target 'Capelo' from project 'Capelo')
note: Emplaced /Users/rafaeltoneto/Documents/TCC/AvaliacaoBuild/capelo/Build/Products/Debug-iphonesimulator/Capelo.app/AppIcon60x60@2x.png (in target 'Capelo' from project 'Capelo')

ProcessInfoPlistFile /Users/rafaeltoneto/Documents/TCC/AvaliacaoBuild/capelo/Build/Products/Debug-iphonesimulator/Capelo.app/Info.plist /Users/rafaeltoneto/Documents/TCC/AvaliacaoBuild/capelo/Build/Intermediates.noindex/Capelo.build/Debug-iphonesimulator/Capelo.build/empty-Capelo.plist (in target 'Capelo' from project 'Capelo')
    cd /Users/rafaeltoneto/Documents/TCC/ProjetosExternos/capelo
    builtin-infoPlistUtility /Users/rafaeltoneto/Documents/TCC/AvaliacaoBuild/capelo/Build/Intermediates.noindex/Capelo.build/Debug-iphonesimulator/Capelo.build/empty-Capelo.plist -producttype com.apple.product-type.application -genpkginfo /Users/rafaeltoneto/Documents/TCC/AvaliacaoBuild/capelo/Build/Products/Debug-iphonesimulator/Capelo.app/PkgInfo -expandbuildsettings -format binary -platform iphonesimulator -additionalcontentfile /Users/rafaeltoneto/Documents/TCC/AvaliacaoBuild/capelo/Build/Intermediates.noindex/Capelo.build/Debug-iphonesimulator/Capelo.build/assetcatalog_generated_info.plist -o /Users/rafaeltoneto/Documents/TCC/AvaliacaoBuild/capelo/Build/Products/Debug-iphonesimulator/Capelo.app/Info.plist

SwiftExplicitDependencyGeneratePcm arm64 /Users/rafaeltoneto/Documents/TCC/AvaliacaoBuild/capelo/SDKExplicitPrecompiledModules/SwiftShims-2KTLI4YSOWYMMZ6KCKT4LWH03.pcm

SwiftExplicitDependencyGeneratePcm arm64 /Users/rafaeltoneto/Documents/TCC/AvaliacaoBuild/capelo/SDKExplicitPrecompiledModules/_Builtin_stddef-EI7ON1HYY1F1TYZOUFSKEGXR5.pcm

SwiftExplicitDependencyGeneratePcm arm64 /Users/rafaeltoneto/Documents/TCC/AvaliacaoBuild/capelo/SDKExplicitPrecompiledModules/_SwiftConcurrencyShims-B9JS569A2JK7DKIE8B511HALP.pcm

SwiftExplicitDependencyGeneratePcm arm64 /Users/rafaeltoneto/Documents/TCC/AvaliacaoBuild/capelo/SDKExplicitPrecompiledModules/_AvailabilityInternal-9MNAL9483OQTGR0PPK13JK5LJ.pcm

SwiftExplicitDependencyGeneratePcm arm64 /Users/rafaeltoneto/Documents/TCC/AvaliacaoBuild/capelo/SDKExplicitPrecompiledModules/_Builtin_stdarg-AO74UYZEKZLQVZVQXPYTBFJIG.pcm

SwiftExplicitDependencyGeneratePcm arm64 /Users/rafaeltoneto/Documents/TCC/AvaliacaoBuild/capelo/SDKExplicitPrecompiledModules/_Builtin_float-1QO9GGMR486LZC5E3HCX7GI8A.pcm

SwiftExplicitDependencyGeneratePcm arm64 /Users/rafaeltoneto/Documents/TCC/AvaliacaoBuild/capelo/SDKExplicitPrecompiledModules/_Builtin_stdbool-E7ILEA2E8PA3CRD5Q34NZTU5Y.pcm

SwiftExplicitDependencyGeneratePcm arm64 /Users/rafaeltoneto/Documents/TCC/AvaliacaoBuild/capelo/SDKExplicitPrecompiledModules/ptrauth-8ABT9BC7DIBR0GQNP9LR5AQO1.pcm

SwiftExplicitDependencyGeneratePcm arm64 /Users/rafaeltoneto/Documents/TCC/AvaliacaoBuild/capelo/SDKExplicitPrecompiledModules/DeveloperToolsSupport-F47J28ZQZ7CMCJ5QD9IGZUPIQ.pcm

SwiftExplicitDependencyGeneratePcm arm64 /Users/rafaeltoneto/Documents/TCC/AvaliacaoBuild/capelo/SDKExplicitPrecompiledModules/ptrcheck-DSBM5S24Z0FN9N52DSNTO9YGV.pcm

SwiftExplicitDependencyGeneratePcm x86_64 /Users/rafaeltoneto/Documents/TCC/AvaliacaoBuild/capelo/SDKExplicitPrecompiledModules/_Builtin_float-L2728XI6VS5YFNWC1H5HS8L0.pcm

SwiftExplicitDependencyGeneratePcm x86_64 /Users/rafaeltoneto/Documents/TCC/AvaliacaoBuild/capelo/SDKExplicitPrecompiledModules/_Builtin_stdbool-A06LZV4HFZIIVW6O5D6SINB47.pcm

SwiftExplicitDependencyGeneratePcm x86_64 /Users/rafaeltoneto/Documents/TCC/AvaliacaoBuild/capelo/SDKExplicitPrecompiledModules/_Builtin_stdarg-8HVQ07VWP22IFY4VM6F3EXMGY.pcm

SwiftExplicitDependencyGeneratePcm x86_64 /Users/rafaeltoneto/Documents/TCC/AvaliacaoBuild/capelo/SDKExplicitPrecompiledModules/SwiftShims-3NTRB487NO712QFNDDLMFWEAN.pcm

SwiftExplicitDependencyGeneratePcm x86_64 /Users/rafaeltoneto/Documents/TCC/AvaliacaoBuild/capelo/SDKExplicitPrecompiledModules/_Builtin_stddef-16NAAEFJTO3ZFK4NC7LQY0HVE.pcm

SwiftExplicitDependencyGeneratePcm x86_64 /Users/rafaeltoneto/Documents/TCC/AvaliacaoBuild/capelo/SDKExplicitPrecompiledModules/ptrcheck-4SJW7J3NHANGYX0AZLY91XC1.pcm

SwiftExplicitDependencyGeneratePcm x86_64 /Users/rafaeltoneto/Documents/TCC/AvaliacaoBuild/capelo/SDKExplicitPrecompiledModules/_SwiftConcurrencyShims-EW43RBB1ZFULC2MU24MADGS0C.pcm

SwiftExplicitDependencyGeneratePcm arm64 /Users/rafaeltoneto/Documents/TCC/AvaliacaoBuild/capelo/SDKExplicitPrecompiledModules/_DarwinFoundation1-7HE27U6Q80J1CP804DGV6DLA9.pcm

SwiftExplicitDependencyGeneratePcm x86_64 /Users/rafaeltoneto/Documents/TCC/AvaliacaoBuild/capelo/SDKExplicitPrecompiledModules/_AvailabilityInternal-9DNSL82FU4CDXULFFV2A7S6KG.pcm

SwiftExplicitDependencyGeneratePcm x86_64 /Users/rafaeltoneto/Documents/TCC/AvaliacaoBuild/capelo/SDKExplicitPrecompiledModules/ptrauth-BTDDFI1L67W15A1NPWCNZXXCB.pcm

SwiftExplicitDependencyGeneratePcm x86_64 /Users/rafaeltoneto/Documents/TCC/AvaliacaoBuild/capelo/SDKExplicitPrecompiledModules/DeveloperToolsSupport-7FN859XNNPSQIWSWQ7ORE4VI8.pcm

SwiftExplicitDependencyGeneratePcm x86_64 /Users/rafaeltoneto/Documents/TCC/AvaliacaoBuild/capelo/SDKExplicitPrecompiledModules/_DarwinFoundation1-8KR4JC4RUGM1TTJFJDH1JK6DS.pcm

SwiftExplicitDependencyGeneratePcm arm64 /Users/rafaeltoneto/Documents/TCC/AvaliacaoBuild/capelo/SDKExplicitPrecompiledModules/_DarwinFoundation2-3RG1RNQDWBZKIZYV624BUD0FS.pcm

SwiftExplicitDependencyGeneratePcm arm64 /Users/rafaeltoneto/Documents/TCC/AvaliacaoBuild/capelo/SDKExplicitPrecompiledModules/_Builtin_limits-BWEIITMDM6J2ET6QPUJWVSLK5.pcm

SwiftExplicitDependencyGeneratePcm x86_64 /Users/rafaeltoneto/Documents/TCC/AvaliacaoBuild/capelo/SDKExplicitPrecompiledModules/_Builtin_limits-4VKDFOHUXENNCZ1WP0KGH3HZN.pcm

SwiftExplicitDependencyGeneratePcm x86_64 /Users/rafaeltoneto/Documents/TCC/AvaliacaoBuild/capelo/SDKExplicitPrecompiledModules/_DarwinFoundation2-EIH981EE0S13PDBVL7BF4L5Y2.pcm

SwiftExplicitDependencyGeneratePcm arm64 /Users/rafaeltoneto/Documents/TCC/AvaliacaoBuild/capelo/SDKExplicitPrecompiledModules/string_h-4JKPVY415AKIHFC5I69CIB2T5.pcm

SwiftExplicitDependencyGeneratePcm arm64 /Users/rafaeltoneto/Documents/TCC/AvaliacaoBuild/capelo/SDKExplicitPrecompiledModules/sys_types-4Q33XFIOLQCIV3WVAM1VYEWHI.pcm

SwiftExplicitDependencyGeneratePcm arm64 /Users/rafaeltoneto/Documents/TCC/AvaliacaoBuild/capelo/SDKExplicitPrecompiledModules/_Builtin_tgmath-A1BSJJNFVG6HZTCNEJH0IH1VO.pcm

SwiftExplicitDependencyGeneratePcm arm64 /Users/rafaeltoneto/Documents/TCC/AvaliacaoBuild/capelo/SDKExplicitPrecompiledModules/_Builtin_stdint-7HB1M4EOHLTP1C4IWOTIXBGEQ.pcm

SwiftExplicitDependencyGeneratePcm arm64 /Users/rafaeltoneto/Documents/TCC/AvaliacaoBuild/capelo/SDKExplicitPrecompiledModules/_DarwinFoundation3-CJIZQZ8QXNXAH3F3GS7TZ0D05.pcm

SwiftExplicitDependencyGeneratePcm arm64 /Users/rafaeltoneto/Documents/TCC/AvaliacaoBuild/capelo/SDKExplicitPrecompiledModules/_Builtin_stdatomic-3H3KZDTZKI0JB5OAJ5QX60DNP.pcm

SwiftExplicitDependencyGeneratePcm arm64 /Users/rafaeltoneto/Documents/TCC/AvaliacaoBuild/capelo/SDKExplicitPrecompiledModules/_Builtin_intrinsics-DEZG1URIKQXV58YQUA0GQCPE2.pcm

SwiftExplicitDependencyGeneratePcm x86_64 /Users/rafaeltoneto/Documents/TCC/AvaliacaoBuild/capelo/SDKExplicitPrecompiledModules/string_h-4XTCRJNRXVA4K3OT525C5DNCJ.pcm

SwiftExplicitDependencyGeneratePcm x86_64 /Users/rafaeltoneto/Documents/TCC/AvaliacaoBuild/capelo/SDKExplicitPrecompiledModules/_Builtin_stdint-70FOHRGD0PWO3APN1BJV3R6K4.pcm

SwiftExplicitDependencyGeneratePcm x86_64 /Users/rafaeltoneto/Documents/TCC/AvaliacaoBuild/capelo/SDKExplicitPrecompiledModules/_Builtin_tgmath-B9DAF08UP6XG68QCQYVIP4UF0.pcm

SwiftExplicitDependencyGeneratePcm x86_64 /Users/rafaeltoneto/Documents/TCC/AvaliacaoBuild/capelo/SDKExplicitPrecompiledModules/sys_types-3KL1LXKJK75VKU5483BNOSVRY.pcm

SwiftExplicitDependencyGeneratePcm x86_64 /Users/rafaeltoneto/Documents/TCC/AvaliacaoBuild/capelo/SDKExplicitPrecompiledModules/_Builtin_stdatomic-C2XTG430P99781QMMGLEBSRQM.pcm

SwiftExplicitDependencyGeneratePcm x86_64 /Users/rafaeltoneto/Documents/TCC/AvaliacaoBuild/capelo/SDKExplicitPrecompiledModules/_DarwinFoundation3-AB13WO76KS6Q14334BI2FSPAP.pcm

SwiftExplicitDependencyGeneratePcm arm64 /Users/rafaeltoneto/Documents/TCC/AvaliacaoBuild/capelo/SDKExplicitPrecompiledModules/_Builtin_inttypes-7VZESHHEWBLKXEWQ0CBJ04DHN.pcm

SwiftExplicitDependencyGeneratePcm x86_64 /Users/rafaeltoneto/Documents/TCC/AvaliacaoBuild/capelo/SDKExplicitPrecompiledModules/_Builtin_inttypes-D2K585QUFAT6HJIVP7Q5P5953.pcm

SwiftExplicitDependencyGeneratePcm x86_64 /Users/rafaeltoneto/Documents/TCC/AvaliacaoBuild/capelo/SDKExplicitPrecompiledModules/_Builtin_intrinsics-1QQF19JJOU8UO8QPEQ18NI4QJ.pcm

SwiftExplicitDependencyGeneratePcm arm64 /Users/rafaeltoneto/Documents/TCC/AvaliacaoBuild/capelo/SDKExplicitPrecompiledModules/Darwin-BTAY04FTCCDUO4H11L86689SJ.pcm

SwiftExplicitDependencyGeneratePcm x86_64 /Users/rafaeltoneto/Documents/TCC/AvaliacaoBuild/capelo/SDKExplicitPrecompiledModules/Darwin-3DMDMT7N97FLN9T0P2BS0GENS.pcm

SwiftExplicitDependencyGeneratePcm arm64 /Users/rafaeltoneto/Documents/TCC/AvaliacaoBuild/capelo/SDKExplicitPrecompiledModules/simd-EAAOOXPPJAV9Q1SKJQC0WCYOP.pcm

SwiftExplicitDependencyGeneratePcm arm64 /Users/rafaeltoneto/Documents/TCC/AvaliacaoBuild/capelo/SDKExplicitPrecompiledModules/ObjectiveC-40SMZ1Q3D88P5GP98R1TIL6UJ.pcm

SwiftExplicitDependencyGeneratePcm arm64 /Users/rafaeltoneto/Documents/TCC/AvaliacaoBuild/capelo/SDKExplicitPrecompiledModules/MachO-2YAAD2JYOMI0UUN0VCZHUL1CQ.pcm

SwiftExplicitDependencyGeneratePcm x86_64 /Users/rafaeltoneto/Documents/TCC/AvaliacaoBuild/capelo/SDKExplicitPrecompiledModules/MachO-3UWTI1JD865FVB50X4WCOBJ4N.pcm

SwiftExplicitDependencyGeneratePcm x86_64 /Users/rafaeltoneto/Documents/TCC/AvaliacaoBuild/capelo/SDKExplicitPrecompiledModules/ObjectiveC-9TVDCSE1IJAJSTJJIN1CC4QQK.pcm

SwiftExplicitDependencyGeneratePcm x86_64 /Users/rafaeltoneto/Documents/TCC/AvaliacaoBuild/capelo/SDKExplicitPrecompiledModules/simd-A3EF3RJ66N7FAQ4P578730IID.pcm

SwiftExplicitDependencyGeneratePcm arm64 /Users/rafaeltoneto/Documents/TCC/AvaliacaoBuild/capelo/SDKExplicitPrecompiledModules/os_object-3A2CIC3DH1OAEUKOYCSN52O6.pcm

SwiftExplicitDependencyGeneratePcm x86_64 /Users/rafaeltoneto/Documents/TCC/AvaliacaoBuild/capelo/SDKExplicitPrecompiledModules/os_object-CNUDUEW8V075DRYHXY1BK1NSQ.pcm

SwiftExplicitDependencyGeneratePcm arm64 /Users/rafaeltoneto/Documents/TCC/AvaliacaoBuild/capelo/SDKExplicitPrecompiledModules/os_workgroup-ERMQR41Z2R42D266J587SVD6U.pcm

SwiftExplicitDependencyGeneratePcm x86_64 /Users/rafaeltoneto/Documents/TCC/AvaliacaoBuild/capelo/SDKExplicitPrecompiledModules/os_workgroup-3GAV441CDJKJB8QTBNVEL3P6I.pcm

SwiftExplicitDependencyGeneratePcm arm64 /Users/rafaeltoneto/Documents/TCC/AvaliacaoBuild/capelo/SDKExplicitPrecompiledModules/Dispatch-DNMKVKW8BFP9G8KZKK8BOX676.pcm

SwiftExplicitDependencyGeneratePcm arm64 /Users/rafaeltoneto/Documents/TCC/AvaliacaoBuild/capelo/SDKExplicitPrecompiledModules/Spatial-ETCLHEERVTPLL3RPLB6VZ90KZ.pcm

SwiftExplicitDependencyGeneratePcm x86_64 /Users/rafaeltoneto/Documents/TCC/AvaliacaoBuild/capelo/SDKExplicitPrecompiledModules/Dispatch-5YKAP6VTVI7TSZ4WG93UR8XHV.pcm

SwiftExplicitDependencyGeneratePcm arm64 /Users/rafaeltoneto/Documents/TCC/AvaliacaoBuild/capelo/SDKExplicitPrecompiledModules/CoreFoundation-9PP0ADDHD6QLSFWIWCNCTR66W.pcm

SwiftExplicitDependencyGeneratePcm arm64 /Users/rafaeltoneto/Documents/TCC/AvaliacaoBuild/capelo/SDKExplicitPrecompiledModules/XPC-E8YQ3IOX11AUCUWRMGKUYXW0Q.pcm

SwiftExplicitDependencyGeneratePcm x86_64 /Users/rafaeltoneto/Documents/TCC/AvaliacaoBuild/capelo/SDKExplicitPrecompiledModules/CoreFoundation-6D261MK01NVPJNRWXHLCWQEYI.pcm

SwiftExplicitDependencyGeneratePcm x86_64 /Users/rafaeltoneto/Documents/TCC/AvaliacaoBuild/capelo/SDKExplicitPrecompiledModules/XPC-55CLJ2TAG3I7H3LPV8G1U5TXZ.pcm

SwiftExplicitDependencyGeneratePcm arm64 /Users/rafaeltoneto/Documents/TCC/AvaliacaoBuild/capelo/SDKExplicitPrecompiledModules/os-837A5AJKDG89X4E2LTASOCC9E.pcm

SwiftExplicitDependencyGeneratePcm arm64 /Users/rafaeltoneto/Documents/TCC/AvaliacaoBuild/capelo/SDKExplicitPrecompiledModules/Security-964JL6WX5Y6KMBWEGF0HJNUAH.pcm

SwiftExplicitDependencyGeneratePcm arm64 /Users/rafaeltoneto/Documents/TCC/AvaliacaoBuild/capelo/SDKExplicitPrecompiledModules/CoreGraphics-6BKHIWJBU53TEC6U4TRX7ZFT3.pcm

SwiftExplicitDependencyGeneratePcm arm64 /Users/rafaeltoneto/Documents/TCC/AvaliacaoBuild/capelo/SDKExplicitPrecompiledModules/CoreAudioTypes-9RXD0XVHEZS8XPJM5BL9DQW35.pcm

SwiftExplicitDependencyGeneratePcm arm64 /Users/rafaeltoneto/Documents/TCC/AvaliacaoBuild/capelo/SDKExplicitPrecompiledModules/CFNetwork-2VZQL9PMGLI1Z1D21V79877A7.pcm

SwiftExplicitDependencyGeneratePcm x86_64 /Users/rafaeltoneto/Documents/TCC/AvaliacaoBuild/capelo/SDKExplicitPrecompiledModules/os-YB63E3KMPUFW83XHMZNJJ0I8.pcm

SwiftExplicitDependencyGeneratePcm arm64 /Users/rafaeltoneto/Documents/TCC/AvaliacaoBuild/capelo/SDKExplicitPrecompiledModules/CoreAudio-58133E3X479MWS9I4W1ICA4S6.pcm

SwiftExplicitDependencyGeneratePcm arm64 /Users/rafaeltoneto/Documents/TCC/AvaliacaoBuild/capelo/SDKExplicitPrecompiledModules/Foundation-9YPQJLN5Q8WQQLB1EW224V9AQ.pcm

SwiftExplicitDependencyGeneratePcm arm64 /Users/rafaeltoneto/Documents/TCC/AvaliacaoBuild/capelo/SDKExplicitPrecompiledModules/ImageIO-A7PZKEP92HFH8SKDS4SN8W0X4.pcm

SwiftExplicitDependencyGeneratePcm arm64 /Users/rafaeltoneto/Documents/TCC/AvaliacaoBuild/capelo/SDKExplicitPrecompiledModules/CoreText-28EXDY66MOA8OK5NVAB1UGST5.pcm

SwiftExplicitDependencyGeneratePcm x86_64 /Users/rafaeltoneto/Documents/TCC/AvaliacaoBuild/capelo/SDKExplicitPrecompiledModules/CoreGraphics-EA7FQGY37RXHX630TBHGE5SLU.pcm

SwiftExplicitDependencyGeneratePcm x86_64 /Users/rafaeltoneto/Documents/TCC/AvaliacaoBuild/capelo/SDKExplicitPrecompiledModules/CoreAudioTypes-8YDELYU2QKGE1KWJF0CRCNCTD.pcm

SwiftExplicitDependencyGeneratePcm x86_64 /Users/rafaeltoneto/Documents/TCC/AvaliacaoBuild/capelo/SDKExplicitPrecompiledModules/Security-8AQEAQE2EKREPQ2NX52YUCGVR.pcm

SwiftExplicitDependencyGeneratePcm x86_64 /Users/rafaeltoneto/Documents/TCC/AvaliacaoBuild/capelo/SDKExplicitPrecompiledModules/CFNetwork-8X1EK6MZTOZGG47NDW9EA7F7D.pcm

SwiftExplicitDependencyGeneratePcm x86_64 /Users/rafaeltoneto/Documents/TCC/AvaliacaoBuild/capelo/SDKExplicitPrecompiledModules/CoreAudio-CP4IUNBEZVZGPKODW9DC5F5SC.pcm

SwiftExplicitDependencyGeneratePcm x86_64 /Users/rafaeltoneto/Documents/TCC/AvaliacaoBuild/capelo/SDKExplicitPrecompiledModules/Foundation-20HGL20WPKEA9WHSDLWV9LADC.pcm

SwiftExplicitDependencyGeneratePcm x86_64 /Users/rafaeltoneto/Documents/TCC/AvaliacaoBuild/capelo/SDKExplicitPrecompiledModules/ImageIO-3ZT82EDYSCDEWVAMHARX3O7KU.pcm

SwiftExplicitDependencyGeneratePcm x86_64 /Users/rafaeltoneto/Documents/TCC/AvaliacaoBuild/capelo/SDKExplicitPrecompiledModules/CoreText-29NOW076FA0G2GXK9SW9VGWNT.pcm

SwiftExplicitDependencyGeneratePcm x86_64 /Users/rafaeltoneto/Documents/TCC/AvaliacaoBuild/capelo/SDKExplicitPrecompiledModules/Spatial-880UZX5SO238283WB0BIVTXVW.pcm

SwiftExplicitDependencyGeneratePcm arm64 /Users/rafaeltoneto/Documents/TCC/AvaliacaoBuild/capelo/SDKExplicitPrecompiledModules/OpenGLES-23TBDMMQ3LPSMB2C9DA8PBPI6.pcm

SwiftExplicitDependencyGeneratePcm arm64 /Users/rafaeltoneto/Documents/TCC/AvaliacaoBuild/capelo/SDKExplicitPrecompiledModules/DataDetection-CI6S86M77AFC43FYT3EMJQDJA.pcm

SwiftExplicitDependencyGeneratePcm arm64 /Users/rafaeltoneto/Documents/TCC/AvaliacaoBuild/capelo/SDKExplicitPrecompiledModules/UIUtilities-CFNJDCH66F0EZ60K4KYK2KVLT.pcm

SwiftExplicitDependencyGeneratePcm arm64 /Users/rafaeltoneto/Documents/TCC/AvaliacaoBuild/capelo/SDKExplicitPrecompiledModules/UserNotifications-E9IR8H8OM3QUL4Z5IO0KEWYPT.pcm

SwiftExplicitDependencyGeneratePcm arm64 /Users/rafaeltoneto/Documents/TCC/AvaliacaoBuild/capelo/SDKExplicitPrecompiledModules/_LocationEssentials-5VRK3XVO7SZYQOROIBUX9HDUQ.pcm

SwiftExplicitDependencyGeneratePcm arm64 /Users/rafaeltoneto/Documents/TCC/AvaliacaoBuild/capelo/SDKExplicitPrecompiledModules/LocalAuthentication-D40OG69OSMM7CILHLAEJTCGIV.pcm

SwiftExplicitDependencyGeneratePcm arm64 /Users/rafaeltoneto/Documents/TCC/AvaliacaoBuild/capelo/SDKExplicitPrecompiledModules/FileProvider-6N2P7K487O0YAJKATCP8RVFEJ.pcm

SwiftExplicitDependencyGeneratePcm arm64 /Users/rafaeltoneto/Documents/TCC/AvaliacaoBuild/capelo/SDKExplicitPrecompiledModules/Symbols-6PMVVC4YUXABT76HE37QZBSZH.pcm

SwiftExplicitDependencyGeneratePcm arm64 /Users/rafaeltoneto/Documents/TCC/AvaliacaoBuild/capelo/SDKExplicitPrecompiledModules/Accessibility-B2YL8YFC9EWKKU03JO2A4KUT8.pcm

SwiftExplicitDependencyGeneratePcm arm64 /Users/rafaeltoneto/Documents/TCC/AvaliacaoBuild/capelo/SDKExplicitPrecompiledModules/IOSurface-6Z8AOUJDQXL80CDZ3DRLQTDGP.pcm

SwiftExplicitDependencyGeneratePcm arm64 /Users/rafaeltoneto/Documents/TCC/AvaliacaoBuild/capelo/SDKExplicitPrecompiledModules/UniformTypeIdentifiers-4FGTMQZ5ASEQQQE8NR9252DSM.pcm

SwiftExplicitDependencyGeneratePcm arm64 /Users/rafaeltoneto/Documents/TCC/AvaliacaoBuild/capelo/SDKExplicitPrecompiledModules/CoreData-6TOSHMBKHRB3V7BIEYQ7R6C46.pcm

SwiftExplicitDependencyGeneratePcm arm64 /Users/rafaeltoneto/Documents/TCC/AvaliacaoBuild/capelo/SDKExplicitPrecompiledModules/CoreLocation-5SW2Y8V9Y61GWJBG7AFIQ0PGD.pcm

SwiftExplicitDependencyGeneratePcm arm64 /Users/rafaeltoneto/Documents/TCC/AvaliacaoBuild/capelo/SDKExplicitPrecompiledModules/OSLog-4OUS9Q9XA8WKE7ZRE41O1WU98.pcm

SwiftExplicitDependencyGeneratePcm arm64 /Users/rafaeltoneto/Documents/TCC/AvaliacaoBuild/capelo/SDKExplicitPrecompiledModules/CoreTransferable-F5BP3X7WWJCEJE41CJRR1WFFG.pcm

SwiftExplicitDependencyGeneratePcm x86_64 /Users/rafaeltoneto/Documents/TCC/AvaliacaoBuild/capelo/SDKExplicitPrecompiledModules/Symbols-WO9O3HPLYWMXJSXFQ1BTWB73.pcm

SwiftExplicitDependencyGeneratePcm x86_64 /Users/rafaeltoneto/Documents/TCC/AvaliacaoBuild/capelo/SDKExplicitPrecompiledModules/OpenGLES-56EEVNR2C2XL8WIEEIMVZTTTG.pcm

SwiftExplicitDependencyGeneratePcm x86_64 /Users/rafaeltoneto/Documents/TCC/AvaliacaoBuild/capelo/SDKExplicitPrecompiledModules/UniformTypeIdentifiers-C079DY7UXQGRZS4JGFS520FLZ.pcm

SwiftExplicitDependencyGeneratePcm x86_64 /Users/rafaeltoneto/Documents/TCC/AvaliacaoBuild/capelo/SDKExplicitPrecompiledModules/LocalAuthentication-2XE5GZ0X5XBREVWSRIQAZ70VM.pcm

SwiftExplicitDependencyGeneratePcm x86_64 /Users/rafaeltoneto/Documents/TCC/AvaliacaoBuild/capelo/SDKExplicitPrecompiledModules/FileProvider-8FNPFT8DQWRY8UYD9YGKJSMGY.pcm

SwiftExplicitDependencyGeneratePcm x86_64 /Users/rafaeltoneto/Documents/TCC/AvaliacaoBuild/capelo/SDKExplicitPrecompiledModules/_LocationEssentials-5OV4KD160LFHKXJ505TIPMD2A.pcm

SwiftExplicitDependencyGeneratePcm x86_64 /Users/rafaeltoneto/Documents/TCC/AvaliacaoBuild/capelo/SDKExplicitPrecompiledModules/UIUtilities-54Z3MV59PPS6668X4TGO2ZVKL.pcm

SwiftExplicitDependencyGeneratePcm arm64 /Users/rafaeltoneto/Documents/TCC/AvaliacaoBuild/capelo/SDKExplicitPrecompiledModules/CoreMotion-3UUFGXV2XNWRJYPK60LOO2FRC.pcm

SwiftExplicitDependencyGeneratePcm x86_64 /Users/rafaeltoneto/Documents/TCC/AvaliacaoBuild/capelo/SDKExplicitPrecompiledModules/Accessibility-94SUT8IQ4MOHT1Y8IW295UKHN.pcm

SwiftExplicitDependencyGeneratePcm x86_64 /Users/rafaeltoneto/Documents/TCC/AvaliacaoBuild/capelo/SDKExplicitPrecompiledModules/CoreTransferable-106LDUWLHR5WRLZNXR8RWO731.pcm

SwiftExplicitDependencyGeneratePcm x86_64 /Users/rafaeltoneto/Documents/TCC/AvaliacaoBuild/capelo/SDKExplicitPrecompiledModules/CoreData-EXWL491BVTVSG04F15NP625ZM.pcm

SwiftExplicitDependencyGeneratePcm x86_64 /Users/rafaeltoneto/Documents/TCC/AvaliacaoBuild/capelo/SDKExplicitPrecompiledModules/OSLog-758VJD5YQHKEKHZGM9CUMRQWQ.pcm

SwiftExplicitDependencyGeneratePcm arm64 /Users/rafaeltoneto/Documents/TCC/AvaliacaoBuild/capelo/SDKExplicitPrecompiledModules/Metal-5IORW9UV19H1DXMKETBX7CSPJ.pcm

SwiftExplicitDependencyGeneratePcm x86_64 /Users/rafaeltoneto/Documents/TCC/AvaliacaoBuild/capelo/SDKExplicitPrecompiledModules/UserNotifications-1BXVUGFDHBNYBDLJKXQB09QPY.pcm

SwiftExplicitDependencyGeneratePcm x86_64 /Users/rafaeltoneto/Documents/TCC/AvaliacaoBuild/capelo/SDKExplicitPrecompiledModules/CoreLocation-67DG1XA10771GIJI3LD1QH2DX.pcm

SwiftExplicitDependencyGeneratePcm x86_64 /Users/rafaeltoneto/Documents/TCC/AvaliacaoBuild/capelo/SDKExplicitPrecompiledModules/IOSurface-2GEL1DWS90HUL020BJXMM4HCC.pcm

SwiftExplicitDependencyGeneratePcm x86_64 /Users/rafaeltoneto/Documents/TCC/AvaliacaoBuild/capelo/SDKExplicitPrecompiledModules/DataDetection-8ZLRIQG0FS2OD5A49XRF74VJX.pcm

SwiftExplicitDependencyGeneratePcm x86_64 /Users/rafaeltoneto/Documents/TCC/AvaliacaoBuild/capelo/SDKExplicitPrecompiledModules/Metal-8725G45FLYGIQFF1DI1QGP4NZ.pcm

SwiftExplicitDependencyGeneratePcm x86_64 /Users/rafaeltoneto/Documents/TCC/AvaliacaoBuild/capelo/SDKExplicitPrecompiledModules/CoreMotion-1HM75A5VFTEL8KK41GKVZQZ01.pcm

SwiftExplicitDependencyGeneratePcm x86_64 /Users/rafaeltoneto/Documents/TCC/AvaliacaoBuild/capelo/SDKExplicitPrecompiledModules/CoreVideo-94NZCGX3LKGFFTM0GSDM8XPNB.pcm

SwiftExplicitDependencyGeneratePcm arm64 /Users/rafaeltoneto/Documents/TCC/AvaliacaoBuild/capelo/SDKExplicitPrecompiledModules/CoreVideo-7OZBQVE4PXSYJ638RG2L75TYG.pcm

SwiftExplicitDependencyGeneratePcm arm64 /Users/rafaeltoneto/Documents/TCC/AvaliacaoBuild/capelo/SDKExplicitPrecompiledModules/CoreMedia-6JFKE4GKPHOQ6RDZG9MZM5VV5.pcm

SwiftExplicitDependencyGeneratePcm arm64 /Users/rafaeltoneto/Documents/TCC/AvaliacaoBuild/capelo/SDKExplicitPrecompiledModules/CoreImage-C2UGQK9JAL041B7YIMUAQUQIJ.pcm

SwiftExplicitDependencyGeneratePcm arm64 /Users/rafaeltoneto/Documents/TCC/AvaliacaoBuild/capelo/SDKExplicitPrecompiledModules/QuartzCore-CI4BT1H8FM03DFJPI3PWH9AHN.pcm

SwiftExplicitDependencyGeneratePcm x86_64 /Users/rafaeltoneto/Documents/TCC/AvaliacaoBuild/capelo/SDKExplicitPrecompiledModules/CoreImage-57W2CAOQ1PAZS2G1MVVBP32XO.pcm

SwiftExplicitDependencyGeneratePcm x86_64 /Users/rafaeltoneto/Documents/TCC/AvaliacaoBuild/capelo/SDKExplicitPrecompiledModules/QuartzCore-BG8SR37L5V3VR3J23S0213XKM.pcm

SwiftExplicitDependencyGeneratePcm x86_64 /Users/rafaeltoneto/Documents/TCC/AvaliacaoBuild/capelo/SDKExplicitPrecompiledModules/CoreMedia-1W41UOAR5LPPDDT4B75S8MFST.pcm

SwiftExplicitDependencyGeneratePcm arm64 /Users/rafaeltoneto/Documents/TCC/AvaliacaoBuild/capelo/SDKExplicitPrecompiledModules/SwiftUICore-E41X7EGHZ5XSWBS0PFK4RF1T7.pcm

SwiftExplicitDependencyGeneratePcm x86_64 /Users/rafaeltoneto/Documents/TCC/AvaliacaoBuild/capelo/SDKExplicitPrecompiledModules/SwiftUICore-8NC5D1G0ERXQBOAZBJYKHSN18.pcm

SwiftExplicitDependencyGeneratePcm x86_64 /Users/rafaeltoneto/Documents/TCC/AvaliacaoBuild/capelo/SDKExplicitPrecompiledModules/UIKit-18LP3XWWMT6ZVLOON155ICIF1.pcm

SwiftExplicitDependencyGeneratePcm arm64 /Users/rafaeltoneto/Documents/TCC/AvaliacaoBuild/capelo/SDKExplicitPrecompiledModules/UIKit-2C4QEYG8U65R1YB3Y1ZZSXXQ6.pcm

SwiftExplicitDependencyGeneratePcm x86_64 /Users/rafaeltoneto/Documents/TCC/AvaliacaoBuild/capelo/SDKExplicitPrecompiledModules/SwiftUI-5L13ERJS5CIIUMWKS0RPPFAI0.pcm

SwiftExplicitDependencyGeneratePcm arm64 /Users/rafaeltoneto/Documents/TCC/AvaliacaoBuild/capelo/SDKExplicitPrecompiledModules/SwiftUI-4KF66EFM7YE3R452N9OIF0PJL.pcm

SwiftEmitModule normal x86_64 Emitting\ module\ for\ Capelo (in target 'Capelo' from project 'Capelo')

SwiftCompile normal x86_64 (in target 'Capelo' from project 'Capelo')
    cd /Users/rafaeltoneto/Documents/TCC/ProjetosExternos/capelo
    

/Users/rafaeltoneto/Documents/TCC/ProjetosExternos/capelo/Capelo/Game/API.swift:11:58: error: cannot find 'Secrets' in scope
 9 | enum API {
10 |     static let base = URL(string: "https://gribli-api.cassard.workers.dev")!
11 |     private static let hmacKey = SymmetricKey(data: Data(Secrets.hmacKey.utf8))
   |                                                          `- error: cannot find 'Secrets' in scope
12 | 
13 |     static func submitScore(playerName: String, score: Int, link: String?,
Failed frontend command:
/Applications/Xcode.app/Contents/Developer/Toolchains/XcodeDefault.xctoolchain/usr/bin/swift-frontend -frontend -emit-module -experimental-skip-non-inlinable-function-bodies-without-types /Users/rafaeltoneto/Documents/TCC/ProjetosExternos/capelo/Capelo/Game/API.swift /Users/rafaeltoneto/Documents/TCC/ProjetosExternos/capelo/Capelo/Game/DeviceId.swift /Users/rafaeltoneto/Documents/TCC/ProjetosExternos/capelo/Capelo/Game/GameLanguage.swift /Users/rafaeltoneto/Documents/TCC/ProjetosExternos/capelo/Capelo/Game/GameViewModel.swift /Users/rafaeltoneto/Documents/TCC/ProjetosExternos/capelo/Capelo/Game/LetterGenerator.swift /Users/rafaeltoneto/Documents/TCC/ProjetosExternos/capelo/Capelo/Game/Strings.swift /Users/rafaeltoneto/Documents/TCC/ProjetosExternos/capelo/Capelo/Game/Wiktionary.swift /Users/rafaeltoneto/Documents/TCC/ProjetosExternos/capelo/Capelo/Game/WordValidator.swift /Users/rafaeltoneto/Documents/TCC/ProjetosExternos/capelo/Capelo/Models/GridEngine.swift /Users/rafaeltoneto/Documents/TCC/ProjetosExternos/capelo/Capelo/Models/ScoreEntry.swift /Users/rafaeltoneto/Documents/TCC/ProjetosExternos/capelo/Capelo/Models/Tile.swift /Users/rafaeltoneto/Documents/TCC/ProjetosExternos/capelo/Capelo/Views/GameView.swift /Users/rafaeltoneto/Documents/TCC/ProjetosExternos/capelo/Capelo/Views/GridView.swift /Users/rafaeltoneto/Documents/TCC/ProjetosExternos/capelo/Capelo/Views/LeaderboardView.swift /Users/rafaeltoneto/Documents/TCC/ProjetosExternos/capelo/Capelo/Views/Palette.swift /Users/rafaeltoneto/Documents/TCC/ProjetosExternos/capelo/Capelo/Views/PaletteStore.swift /Users/rafaeltoneto/Documents/TCC/ProjetosExternos/capelo/Capelo/Views/ScoreView.swift /Users/rafaeltoneto/Documents/TCC/ProjetosExternos/capelo/Capelo/Views/SettingsView.swift /Users/rafaeltoneto/Documents/TCC/ProjetosExternos/capelo/Capelo/Views/SplashView.swift /Users/rafaeltoneto/Documents/TCC/ProjetosExternos/capelo/Capelo/Views/TileView.swift /Users/rafaeltoneto/Documents/TCC/ProjetosExternos/capelo/Capelo/Views/WordListView.swift /Users/rafaeltoneto/Documents/TCC/ProjetosExternos/capelo/Capelo/CapeloApp.swift /Users/rafaeltoneto/Documents/TCC/ProjetosExternos/capelo/Capelo/ContentView.swift /Users/rafaeltoneto/Documents/TCC/AvaliacaoBuild/capelo/Build/Intermediates.noindex/Capelo.build/Debug-iphonesimulator/Capelo.build/DerivedSources/GeneratedAssetSymbols.swift -target x86_64-apple-ios18.6-simulator -module-can-import-version DeveloperToolsSupport 24.0.24 24.0.24 -module-can-import-version SwiftUI 8.0.84.1 8.0.84 -module-can-import-version UIKit 9127.0.84.1 9127.0.84 -disable-cross-import-overlay-search -load-resolved-plugin /Applications/Xcode.app/Contents/Developer/Platforms/iPhoneOS.platform/Developer/usr/lib/swift/host/plugins/libFoundationMacros.dylib\#/Applications/Xcode.app/Contents/Developer/Platforms/iPhoneOS.platform/Developer/usr/bin/swift-plugin-server\#FoundationMacros -load-resolved-plugin /Applications/Xcode.app/Contents/Developer/Platforms/iPhoneOS.platform/Developer/usr/lib/swift/host/plugins/libObservationMacros.dylib\#/Applications/Xcode.app/Contents/Developer/Platforms/iPhoneOS.platform/Developer/usr/bin/swift-plugin-server\#ObservationMacros -load-resolved-plugin /Applications/Xcode.app/Contents/Developer/Platforms/iPhoneOS.platform/Developer/usr/lib/swift/host/plugins/libPreviewsMacros.dylib\#/Applications/Xcode.app/Contents/Developer/Platforms/iPhoneOS.platform/Developer/usr/bin/swift-plugin-server\#PreviewsMacros -load-resolved-plugin /Applications/Xcode.app/Contents/Developer/Platforms/iPhoneOS.platform/Developer/usr/lib/swift/host/plugins/libSwiftMacros.dylib\#/Applications/Xcode.app/Contents/Developer/Platforms/iPhoneOS.platform/Developer/usr/bin/swift-plugin-server\#SwiftMacros -load-resolved-plugin /Applications/Xcode.app/Contents/Developer/Platforms/iPhoneOS.platform/Developer/usr/lib/swift/host/plugins/libSwiftUIMacros.dylib\#/Applications/Xcode.app/Contents/Developer/Platforms/iPhoneOS.platform/Developer/usr/bin/swift-plugin-server\#SwiftUIMacros -disable-implicit-swift-modules -Xcc -fno-implicit-modules -Xcc -fno-implicit-module-maps -explicit-swift-module-map-file /Users/rafaeltoneto/Documents/TCC/AvaliacaoBuild/capelo/Build/Intermediates.noindex/Capelo.build/Debug-iphonesimulator/Capelo.build/Objects-normal/x86_64/Capelo-dependencies-1.json -enable-objc-interop -sdk /Applications/Xcode.app/Contents/Developer/Platforms/iPhoneSimulator.platform/Developer/SDKs/iPhoneSimulator27.0.sdk -I /Users/rafaeltoneto/Documents/TCC/AvaliacaoBuild/capelo/Build/Products/Debug-iphonesimulator -F /Users/rafaeltoneto/Documents/TCC/AvaliacaoBuild/capelo/Build/Products/Debug-iphonesimulator -module-cache-path /Users/rafaeltoneto/Documents/TCC/AvaliacaoBuild/capelo/Build/Intermediates.noindex/SwiftExplicitPrecompiledModules -no-color-diagnostics -Xcc -fno-color-diagnostics -enable-testing -g -debug-info-format\=dwarf -dwarf-version\=5 -swift-version 5 -Onone -D DEBUG -serialize-debugging-options -enable-upcoming-feature DisableOutwardActorInference -enable-upcoming-feature InferSendableFromCaptures -enable-upcoming-feature GlobalActorIsolatedTypesUsability -enable-upcoming-feature MemberImportVisibility -enable-upcoming-feature InferIsolatedConformances -enable-upcoming-feature NonisolatedNonsendingByDefault -enable-experimental-feature DebugDescriptionMacro -enable-bare-slash-regex -default-isolation\=MainActor -empty-abi-descriptor -validate-clang-modules-once -clang-build-session-file /Users/rafaeltoneto/Documents/TCC/AvaliacaoBuild/capelo/ModuleCache.noindex/Session.modulevalidation -Xcc -working-directory -Xcc /Users/rafaeltoneto/Documents/TCC/ProjetosExternos/capelo -enable-anonymous-context-mangled-names -file-compilation-dir /Users/rafaeltoneto/Documents/TCC/ProjetosExternos/capelo -Xcc -D_LIBCPP_HARDENING_MODE\=_LIBCPP_HARDENING_MODE_DEBUG -Xcc -ivfsstatcache -Xcc /Users/rafaeltoneto/Documents/TCC/AvaliacaoBuild/capelo/SDKStatCaches.noindex/iphonesimulator27.0-24A430-8dc58220667be655e1bcc261a7455254.sdkstatcache -Xcc -fmodules-prune-interval\=86400 -Xcc -fmodules-prune-after\=345600 -Xcc -iquote -Xcc /Users/rafaeltoneto/Documents/TCC/AvaliacaoBuild/capelo/Build/Intermediates.noindex/Capelo.build/Debug-iphonesimulator/Capelo.build/Capelo-generated-files.hmap -Xcc -I/Users/rafaeltoneto/Documents/TCC/AvaliacaoBuild/capelo/Build/Intermediates.noindex/Capelo.build/Debug-iphonesimulator/Capelo.build/Capelo-own-target-headers.hmap -Xcc -I/Users/rafaeltoneto/Documents/TCC/AvaliacaoBuild/capelo/Build/Intermediates.noindex/Capelo.build/Debug-iphonesimulator/Capelo.build/Capelo-all-target-headers.hmap -Xcc -iquote -Xcc /Users/rafaeltoneto/Documents/TCC/AvaliacaoBuild/capelo/Build/Intermediates.noindex/Capelo.build/Debug-iphonesimulator/Capelo.build/Capelo-project-headers.hmap -Xcc -I/Users/rafaeltoneto/Documents/TCC/AvaliacaoBuild/capelo/Build/Products/Debug-iphonesimulator/include -Xcc -I/Users/rafaeltoneto/Documents/TCC/AvaliacaoBuild/capelo/Build/Intermediates.noindex/Capelo.build/Debug-iphonesimulator/Capelo.build/DerivedSources-normal/x86_64 -Xcc -I/Users/rafaeltoneto/Documents/TCC/AvaliacaoBuild/capelo/Build/Intermediates.noindex/Capelo.build/Debug-iphonesimulator/Capelo.build/DerivedSources/x86_64 -Xcc -I/Users/rafaeltoneto/Documents/TCC/AvaliacaoBuild/capelo/Build/Intermediates.noindex/Capelo.build/Debug-iphonesimulator/Capelo.build/DerivedSources -Xcc -DDEBUG\=1 -no-auto-bridging-header-chaining -module-name Capelo -const-gather-protocols-file /Users/rafaeltoneto/Documents/TCC/AvaliacaoBuild/capelo/Build/Intermediates.noindex/Capelo.build/Debug-iphonesimulator/Capelo.build/Objects-normal/x86_64/Capelo_const_extract_protocols.json -disable-clang-spi -clang-target x86_64-apple-ios27.0-simulator -target-sdk-version 27.0 -target-sdk-name iphonesimulator27.0 -in-process-plugin-server-path /Applications/Xcode.app/Contents/Developer/Toolchains/XcodeDefault.xctoolchain/usr/lib/swift/host/libSwiftInProcPluginServer.dylib -emit-module-doc-path /Users/rafaeltoneto/Documents/TCC/AvaliacaoBuild/capelo/Build/Intermediates.noindex/Capelo.build/Debug-iphonesimulator/Capelo.build/Objects-normal/x86_64/Capelo.swiftdoc -emit-module-source-info-path /Users/rafaeltoneto/Documents/TCC/AvaliacaoBuild/capelo/Build/Intermediates.noindex/Capelo.build/Debug-iphonesimulator/Capelo.build/Objects-normal/x86_64/Capelo.swiftsourceinfo -emit-objc-header-path /Users/rafaeltoneto/Documents/TCC/AvaliacaoBuild/capelo/Build/Intermediates.noindex/Capelo.build/Debug-iphonesimulator/Capelo.build/Objects-normal/x86_64/Capelo-Swift.h -serialize-diagnostics-path /Users/rafaeltoneto/Documents/TCC/AvaliacaoBuild/capelo/Build/Intermediates.noindex/Capelo.build/Debug-iphonesimulator/Capelo.build/Objects-normal/x86_64/Capelo-primary-emit-module.dia -emit-dependencies-path /Users/rafaeltoneto/Documents/TCC/AvaliacaoBuild/capelo/Build/Intermediates.noindex/Capelo.build/Debug-iphonesimulator/Capelo.build/Objects-normal/x86_64/Capelo-primary-emit-module.d -o /Users/rafaeltoneto/Documents/TCC/AvaliacaoBuild/capelo/Build/Intermediates.noindex/Capelo.build/Debug-iphonesimulator/Capelo.build/Objects-normal/x86_64/Capelo.swiftmodule -emit-abi-descriptor-path /Users/rafaeltoneto/Documents/TCC/AvaliacaoBuild/capelo/Build/Intermediates.noindex/Capelo.build/Debug-iphonesimulator/Capelo.build/Objects-normal/x86_64/Capelo.abi.json
SwiftCompile normal x86_64 Compiling\ WordListView.swift,\ CapeloApp.swift /Users/rafaeltoneto/Documents/TCC/ProjetosExternos/capelo/Capelo/Views/WordListView.swift /Users/rafaeltoneto/Documents/TCC/ProjetosExternos/capelo/Capelo/CapeloApp.swift (in target 'Capelo' from project 'Capelo')

SwiftCompile normal x86_64 /Users/rafaeltoneto/Documents/TCC/ProjetosExternos/capelo/Capelo/Views/WordListView.swift (in target 'Capelo' from project 'Capelo')
    cd /Users/rafaeltoneto/Documents/TCC/ProjetosExternos/capelo
    builtin-SwiftPerFileCompile WordListView.swift

SwiftCompile normal x86_64 /Users/rafaeltoneto/Documents/TCC/ProjetosExternos/capelo/Capelo/CapeloApp.swift (in target 'Capelo' from project 'Capelo')
    cd /Users/rafaeltoneto/Documents/TCC/ProjetosExternos/capelo
    builtin-SwiftPerFileCompile CapeloApp.swift

SwiftCompile normal x86_64 Compiling\ Wiktionary.swift,\ WordValidator.swift,\ GridEngine.swift /Users/rafaeltoneto/Documents/TCC/ProjetosExternos/capelo/Capelo/Game/Wiktionary.swift /Users/rafaeltoneto/Documents/TCC/ProjetosExternos/capelo/Capelo/Game/WordValidator.swift /Users/rafaeltoneto/Documents/TCC/ProjetosExternos/capelo/Capelo/Models/GridEngine.swift (in target 'Capelo' from project 'Capelo')

SwiftCompile normal x86_64 /Users/rafaeltoneto/Documents/TCC/ProjetosExternos/capelo/Capelo/Game/Wiktionary.swift (in target 'Capelo' from project 'Capelo')
    cd /Users/rafaeltoneto/Documents/TCC/ProjetosExternos/capelo
    builtin-SwiftPerFileCompile Wiktionary.swift

SwiftCompile normal x86_64 /Users/rafaeltoneto/Documents/TCC/ProjetosExternos/capelo/Capelo/Game/WordValidator.swift (in target 'Capelo' from project 'Capelo')
    cd /Users/rafaeltoneto/Documents/TCC/ProjetosExternos/capelo
    builtin-SwiftPerFileCompile WordValidator.swift

SwiftCompile normal x86_64 /Users/rafaeltoneto/Documents/TCC/ProjetosExternos/capelo/Capelo/Models/GridEngine.swift (in target 'Capelo' from project 'Capelo')
    cd /Users/rafaeltoneto/Documents/TCC/ProjetosExternos/capelo
    builtin-SwiftPerFileCompile GridEngine.swift

SwiftCompile normal x86_64 Compiling\ ContentView.swift,\ GeneratedAssetSymbols.swift /Users/rafaeltoneto/Documents/TCC/ProjetosExternos/capelo/Capelo/ContentView.swift /Users/rafaeltoneto/Documents/TCC/AvaliacaoBuild/capelo/Build/Intermediates.noindex/Capelo.build/Debug-iphonesimulator/Capelo.build/DerivedSources/GeneratedAssetSymbols.swift (in target 'Capelo' from project 'Capelo')

SwiftCompile normal x86_64 /Users/rafaeltoneto/Documents/TCC/ProjetosExternos/capelo/Capelo/ContentView.swift (in target 'Capelo' from project 'Capelo')
    cd /Users/rafaeltoneto/Documents/TCC/ProjetosExternos/capelo
    builtin-SwiftPerFileCompile ContentView.swift

SwiftCompile normal x86_64 /Users/rafaeltoneto/Documents/TCC/AvaliacaoBuild/capelo/Build/Intermediates.noindex/Capelo.build/Debug-iphonesimulator/Capelo.build/DerivedSources/GeneratedAssetSymbols.swift (in target 'Capelo' from project 'Capelo')
    cd /Users/rafaeltoneto/Documents/TCC/ProjetosExternos/capelo
    builtin-SwiftPerFileCompile GeneratedAssetSymbols.swift

SwiftCompile normal x86_64 Compiling\ GridView.swift,\ LeaderboardView.swift /Users/rafaeltoneto/Documents/TCC/ProjetosExternos/capelo/Capelo/Views/GridView.swift /Users/rafaeltoneto/Documents/TCC/ProjetosExternos/capelo/Capelo/Views/LeaderboardView.swift (in target 'Capelo' from project 'Capelo')

SwiftCompile normal x86_64 /Users/rafaeltoneto/Documents/TCC/ProjetosExternos/capelo/Capelo/Views/GridView.swift (in target 'Capelo' from project 'Capelo')
    cd /Users/rafaeltoneto/Documents/TCC/ProjetosExternos/capelo
    builtin-SwiftPerFileCompile GridView.swift

SwiftCompile normal x86_64 /Users/rafaeltoneto/Documents/TCC/ProjetosExternos/capelo/Capelo/Views/LeaderboardView.swift (in target 'Capelo' from project 'Capelo')
    cd /Users/rafaeltoneto/Documents/TCC/ProjetosExternos/capelo
    builtin-SwiftPerFileCompile LeaderboardView.swift

SwiftCompile normal x86_64 Compiling\ GameViewModel.swift,\ LetterGenerator.swift,\ Strings.swift /Users/rafaeltoneto/Documents/TCC/ProjetosExternos/capelo/Capelo/Game/GameViewModel.swift /Users/rafaeltoneto/Documents/TCC/ProjetosExternos/capelo/Capelo/Game/LetterGenerator.swift /Users/rafaeltoneto/Documents/TCC/ProjetosExternos/capelo/Capelo/Game/Strings.swift (in target 'Capelo' from project 'Capelo')

SwiftCompile normal x86_64 /Users/rafaeltoneto/Documents/TCC/ProjetosExternos/capelo/Capelo/Game/GameViewModel.swift (in target 'Capelo' from project 'Capelo')
    cd /Users/rafaeltoneto/Documents/TCC/ProjetosExternos/capelo
    builtin-SwiftPerFileCompile GameViewModel.swift

SwiftCompile normal x86_64 /Users/rafaeltoneto/Documents/TCC/ProjetosExternos/capelo/Capelo/Game/LetterGenerator.swift (in target 'Capelo' from project 'Capelo')
    cd /Users/rafaeltoneto/Documents/TCC/ProjetosExternos/capelo
    builtin-SwiftPerFileCompile LetterGenerator.swift

SwiftCompile normal x86_64 /Users/rafaeltoneto/Documents/TCC/ProjetosExternos/capelo/Capelo/Game/Strings.swift (in target 'Capelo' from project 'Capelo')
    cd /Users/rafaeltoneto/Documents/TCC/ProjetosExternos/capelo
    builtin-SwiftPerFileCompile Strings.swift

SwiftCompile normal x86_64 Compiling\ Palette.swift,\ PaletteStore.swift /Users/rafaeltoneto/Documents/TCC/ProjetosExternos/capelo/Capelo/Views/Palette.swift /Users/rafaeltoneto/Documents/TCC/ProjetosExternos/capelo/Capelo/Views/PaletteStore.swift (in target 'Capelo' from project 'Capelo')

SwiftCompile normal x86_64 /Users/rafaeltoneto/Documents/TCC/ProjetosExternos/capelo/Capelo/Views/Palette.swift (in target 'Capelo' from project 'Capelo')
    cd /Users/rafaeltoneto/Documents/TCC/ProjetosExternos/capelo
    builtin-SwiftPerFileCompile Palette.swift

SwiftCompile normal x86_64 /Users/rafaeltoneto/Documents/TCC/ProjetosExternos/capelo/Capelo/Views/PaletteStore.swift (in target 'Capelo' from project 'Capelo')
    cd /Users/rafaeltoneto/Documents/TCC/ProjetosExternos/capelo
    builtin-SwiftPerFileCompile PaletteStore.swift

SwiftCompile normal x86_64 Compiling\ API.swift,\ DeviceId.swift,\ GameLanguage.swift /Users/rafaeltoneto/Documents/TCC/ProjetosExternos/capelo/Capelo/Game/API.swift /Users/rafaeltoneto/Documents/TCC/ProjetosExternos/capelo/Capelo/Game/DeviceId.swift /Users/rafaeltoneto/Documents/TCC/ProjetosExternos/capelo/Capelo/Game/GameLanguage.swift (in target 'Capelo' from project 'Capelo')

SwiftCompile normal x86_64 /Users/rafaeltoneto/Documents/TCC/ProjetosExternos/capelo/Capelo/Game/API.swift (in target 'Capelo' from project 'Capelo')
    cd /Users/rafaeltoneto/Documents/TCC/ProjetosExternos/capelo
    builtin-SwiftPerFileCompile API.swift

SwiftCompile normal x86_64 /Users/rafaeltoneto/Documents/TCC/ProjetosExternos/capelo/Capelo/Game/DeviceId.swift (in target 'Capelo' from project 'Capelo')
    cd /Users/rafaeltoneto/Documents/TCC/ProjetosExternos/capelo
    builtin-SwiftPerFileCompile DeviceId.swift

SwiftCompile normal x86_64 /Users/rafaeltoneto/Documents/TCC/ProjetosExternos/capelo/Capelo/Game/GameLanguage.swift (in target 'Capelo' from project 'Capelo')
    cd /Users/rafaeltoneto/Documents/TCC/ProjetosExternos/capelo
    builtin-SwiftPerFileCompile GameLanguage.swift

SwiftCompile normal x86_64 Compiling\ SplashView.swift,\ TileView.swift /Users/rafaeltoneto/Documents/TCC/ProjetosExternos/capelo/Capelo/Views/SplashView.swift /Users/rafaeltoneto/Documents/TCC/ProjetosExternos/capelo/Capelo/Views/TileView.swift (in target 'Capelo' from project 'Capelo')

SwiftCompile normal x86_64 /Users/rafaeltoneto/Documents/TCC/ProjetosExternos/capelo/Capelo/Views/SplashView.swift (in target 'Capelo' from project 'Capelo')
    cd /Users/rafaeltoneto/Documents/TCC/ProjetosExternos/capelo
    builtin-SwiftPerFileCompile SplashView.swift

SwiftCompile normal x86_64 /Users/rafaeltoneto/Documents/TCC/ProjetosExternos/capelo/Capelo/Views/TileView.swift (in target 'Capelo' from project 'Capelo')
    cd /Users/rafaeltoneto/Documents/TCC/ProjetosExternos/capelo
    builtin-SwiftPerFileCompile TileView.swift

SwiftCompile normal x86_64 Compiling\ ScoreView.swift,\ SettingsView.swift /Users/rafaeltoneto/Documents/TCC/ProjetosExternos/capelo/Capelo/Views/ScoreView.swift /Users/rafaeltoneto/Documents/TCC/ProjetosExternos/capelo/Capelo/Views/SettingsView.swift (in target 'Capelo' from project 'Capelo')

SwiftCompile normal x86_64 /Users/rafaeltoneto/Documents/TCC/ProjetosExternos/capelo/Capelo/Views/ScoreView.swift (in target 'Capelo' from project 'Capelo')
    cd /Users/rafaeltoneto/Documents/TCC/ProjetosExternos/capelo
    builtin-SwiftPerFileCompile ScoreView.swift

SwiftCompile normal x86_64 /Users/rafaeltoneto/Documents/TCC/ProjetosExternos/capelo/Capelo/Views/SettingsView.swift (in target 'Capelo' from project 'Capelo')
    cd /Users/rafaeltoneto/Documents/TCC/ProjetosExternos/capelo
    builtin-SwiftPerFileCompile SettingsView.swift

PruneExplicitPrecompiledModules /Users/rafaeltoneto/Documents/TCC/AvaliacaoBuild/capelo/SDKExplicitPrecompiledModules

PruneExplicitPrecompiledModules /Users/rafaeltoneto/Documents/TCC/AvaliacaoBuild/capelo/Build/Intermediates.noindex/ExplicitPrecompiledModules

PruneExplicitPrecompiledModules /Users/rafaeltoneto/Documents/TCC/AvaliacaoBuild/capelo/Build/Intermediates.noindex/SwiftExplicitPrecompiledModules

** BUILD FAILED **


The following build commands failed:
	SwiftCompile normal x86_64 (in target 'Capelo' from project 'Capelo')
	SwiftEmitModule normal x86_64 Emitting\ module\ for\ Capelo (in target 'Capelo' from project 'Capelo')
	Building project Capelo with scheme Capelo and configuration Debug
(3 failures)
