Command line invocation:
    /Applications/Xcode.app/Contents/Developer/usr/bin/xcodebuild -project "Expense Tracker.xcodeproj" -scheme "Expense Tracker" -configuration Debug -destination "generic/platform=iOS Simulator" -derivedDataPath /Users/rafaeltoneto/Documents/TCC/AvaliacaoBuild/expense-tracker CODE_SIGNING_ALLOWED=NO build

Build settings from command line:
    CODE_SIGNING_ALLOWED = NO

Resolve Package Graph

Fetching from https://github.com/realm/realm-cocoa.git

Fetching from https://github.com/realm/realm-core.git

Creating working copy of package ‘realm-core’

Checking out 14.14.0 of package ‘realm-core’

Creating working copy of package ‘realm-cocoa’

Checking out 10.54.6 of package ‘realm-cocoa’


Resolved source packages:
  RealmDatabase: https://github.com/realm/realm-core.git @ 14.14.0
  Realm: https://github.com/realm/realm-cocoa.git @ 10.54.6

2026-10-04 18:20:30.486 xcodebuild[10292:13952838] [MT] IDERunDestination: Supported platforms for the buildables in the current scheme is empty.
ComputePackagePrebuildTargetDependencyGraph

Prepare packages

CreateBuildRequest

SendProjectDescription

CreateBuildOperation

ComputeTargetDependencyGraph
note: Building targets in dependency order
note: Target dependency graph (13 targets)
    Target 'Expense Tracker' in project 'Expense Tracker'
        ➜ Explicit dependency on target 'RealmSwift-product' in project 'Realm'
        ➜ Explicit dependency on target 'Realm-product' in project 'Realm'
    Target 'Realm-product' in project 'Realm'
        ➜ Explicit dependency on target 'Realm' in project 'Realm'
        ➜ Explicit dependency on target 'Realm_Realm' in project 'Realm'
        ➜ Explicit dependency on target 'RealmCore-product' in project 'RealmDatabase'
    Target 'RealmSwift-product' in project 'Realm'
        ➜ Explicit dependency on target 'RealmSwift' in project 'Realm'
        ➜ Explicit dependency on target 'Realm_RealmSwift' in project 'Realm'
        ➜ Explicit dependency on target 'Realm' in project 'Realm'
        ➜ Explicit dependency on target 'RealmCore-product' in project 'RealmDatabase'
    Target 'RealmSwift' in project 'Realm'
        ➜ Explicit dependency on target 'Realm_RealmSwift' in project 'Realm'
        ➜ Explicit dependency on target 'Realm' in project 'Realm'
        ➜ Explicit dependency on target 'RealmCore-product' in project 'RealmDatabase'
    Target 'Realm' in project 'Realm'
        ➜ Explicit dependency on target 'Realm_Realm' in project 'Realm'
        ➜ Explicit dependency on target 'RealmCore-product' in project 'RealmDatabase'
    Target 'RealmCore-product' in project 'RealmDatabase'
        ➜ Explicit dependency on target 'RealmCoreResources' in project 'RealmDatabase'
        ➜ Explicit dependency on target 'RealmDatabase_RealmCoreResources' in project 'RealmDatabase'
        ➜ Explicit dependency on target 'Bid' in project 'RealmDatabase'
        ➜ Explicit dependency on target 's2geometry' in project 'RealmDatabase'
        ➜ Explicit dependency on target 'RealmCore' in project 'RealmDatabase'
    Target 'RealmCoreResources' in project 'RealmDatabase'
        ➜ Explicit dependency on target 'RealmDatabase_RealmCoreResources' in project 'RealmDatabase'
        ➜ Explicit dependency on target 'Bid' in project 'RealmDatabase'
        ➜ Explicit dependency on target 's2geometry' in project 'RealmDatabase'
        ➜ Explicit dependency on target 'RealmCore' in project 'RealmDatabase'
    Target 'RealmCore' in project 'RealmDatabase'
        ➜ Explicit dependency on target 'Bid' in project 'RealmDatabase'
        ➜ Explicit dependency on target 's2geometry' in project 'RealmDatabase'
    Target 's2geometry' in project 'RealmDatabase' (no dependencies)
    Target 'Bid' in project 'RealmDatabase' (no dependencies)
    Target 'RealmDatabase_RealmCoreResources' in project 'RealmDatabase' (no dependencies)
    Target 'Realm_Realm' in project 'Realm' (no dependencies)
    Target 'Realm_RealmSwift' in project 'Realm' (no dependencies)

GatherProvisioningInputs

CreateBuildDescription

ExecuteExternalTool /Applications/Xcode.app/Contents/Developer/Toolchains/XcodeDefault.xctoolchain/usr/bin/clang -v -E -dM -arch arm64 -isysroot /Applications/Xcode.app/Contents/Developer/Platforms/iPhoneSimulator.platform/Developer/SDKs/iPhoneSimulator27.0.sdk -x c -c /dev/null

ExecuteExternalTool /Applications/Xcode.app/Contents/Developer/Toolchains/XcodeDefault.xctoolchain/usr/bin/clang -v -E -dM -arch arm64 -isysroot /Applications/Xcode.app/Contents/Developer/Platforms/iPhoneSimulator.platform/Developer/SDKs/iPhoneSimulator27.0.sdk -x c++ -c /dev/null

ExecuteExternalTool /Applications/Xcode.app/Contents/Developer/Toolchains/XcodeDefault.xctoolchain/usr/bin/clang -v -E -dM -arch arm64 -isysroot /Applications/Xcode.app/Contents/Developer/Platforms/iPhoneSimulator.platform/Developer/SDKs/iPhoneSimulator27.0.sdk -x objective-c -c /dev/null

ExecuteExternalTool /Applications/Xcode.app/Contents/Developer/Toolchains/XcodeDefault.xctoolchain/usr/bin/swiftc --version

ExecuteExternalTool /Applications/Xcode.app/Contents/Developer/Toolchains/XcodeDefault.xctoolchain/usr/bin/clang -v -E -dM -isysroot /Applications/Xcode.app/Contents/Developer/Platforms/iPhoneSimulator.platform/Developer/SDKs/iPhoneSimulator27.0.sdk -x c -c /dev/null

ExecuteExternalTool /Applications/Xcode.app/Contents/Developer/Toolchains/XcodeDefault.xctoolchain/usr/bin/ld -version_details

ExecuteExternalTool /Applications/Xcode.app/Contents/Developer/usr/bin/actool --print-asset-tag-combinations --output-format xml1 /Users/rafaeltoneto/Documents/TCC/ProjetosExternos/expense-tracker/Expense Tracker/Preview Content/Preview Assets.xcassets /Users/rafaeltoneto/Documents/TCC/ProjetosExternos/expense-tracker/Expense Tracker/Assets.xcassets

ExecuteExternalTool /Applications/Xcode.app/Contents/Developer/Toolchains/XcodeDefault.xctoolchain/usr/bin/clang -v -E -dM -arch arm64 -isysroot /Applications/Xcode.app/Contents/Developer/Platforms/iPhoneSimulator.platform/Developer/SDKs/iPhoneSimulator27.0.sdk -x objective-c++ -c /dev/null

ExecuteExternalTool /Applications/Xcode.app/Contents/Developer/Toolchains/XcodeDefault.xctoolchain/usr/bin/clang -v -E -dM -arch x86_64 -isysroot /Applications/Xcode.app/Contents/Developer/Platforms/iPhoneSimulator.platform/Developer/SDKs/iPhoneSimulator27.0.sdk -x c++ -c /dev/null

ExecuteExternalTool /Applications/Xcode.app/Contents/Developer/Toolchains/XcodeDefault.xctoolchain/usr/bin/clang -v -E -dM -arch x86_64 -isysroot /Applications/Xcode.app/Contents/Developer/Platforms/iPhoneSimulator.platform/Developer/SDKs/iPhoneSimulator27.0.sdk -x c -c /dev/null

ExecuteExternalTool /Applications/Xcode.app/Contents/Developer/Toolchains/XcodeDefault.xctoolchain/usr/bin/clang -v -E -dM -arch x86_64 -isysroot /Applications/Xcode.app/Contents/Developer/Platforms/iPhoneSimulator.platform/Developer/SDKs/iPhoneSimulator27.0.sdk -x objective-c++ -c /dev/null

ExecuteExternalTool /Applications/Xcode.app/Contents/Developer/Toolchains/XcodeDefault.xctoolchain/usr/bin/clang -v -E -dM -arch x86_64 -isysroot /Applications/Xcode.app/Contents/Developer/Platforms/iPhoneSimulator.platform/Developer/SDKs/iPhoneSimulator27.0.sdk -x objective-c -c /dev/null

ExecuteExternalTool /Applications/Xcode.app/Contents/Developer/usr/bin/actool --version --output-format xml1

Build description signature: 6369af030d6fb5bd8241651cb1ee8be1
Build description path: /Users/rafaeltoneto/Documents/TCC/AvaliacaoBuild/expense-tracker/Build/Intermediates.noindex/XCBuildData/6369af030d6fb5bd8241651cb1ee8be1.xcbuilddata
error: Swift package target 'Realm' is linked as a static library by 'Expense Tracker' and 'Realm-product', but cannot be built dynamically because there is a package product with the same name.
note: Run script build phase 'Run Script' will be run during every build because the option to run the script phase "Based on dependency analysis" is unchecked. (in target 'Expense Tracker' from project 'Expense Tracker')
** BUILD FAILED **


The following build commands failed:
	Building project Expense Tracker with scheme Expense Tracker and configuration Debug
(1 failure)
